Archive member included to satisfy reference by file (symbol)

C:/ST/STM32CubeIDE_1.18.0/STM32CubeIDE/plugins/com.st.stm32cube.ide.mcu.externaltools.gnu-tools-for-stm32.13.3.rel1.win32_1.0.0.202411081344/tools/bin/../lib/gcc/arm-none-eabi/13.3.1/../../../../arm-none-eabi/lib/thumb/v7e-m+fp/hard\libc_nano.a(libc_a-exit.o)
                              C:/ST/STM32CubeIDE_1.18.0/STM32CubeIDE/plugins/com.st.stm32cube.ide.mcu.externaltools.gnu-tools-for-stm32.13.3.rel1.win32_1.0.0.202411081344/tools/bin/../lib/gcc/arm-none-eabi/13.3.1/../../../../arm-none-eabi/lib/thumb/v7e-m+fp/hard/crt0.o (exit)
C:/ST/STM32CubeIDE_1.18.0/STM32CubeIDE/plugins/com.st.stm32cube.ide.mcu.externaltools.gnu-tools-for-stm32.13.3.rel1.win32_1.0.0.202411081344/tools/bin/../lib/gcc/arm-none-eabi/13.3.1/../../../../arm-none-eabi/lib/thumb/v7e-m+fp/hard\libc_nano.a(libc_a-findfp.o)
                              ./Middlewares/Third_Party/FreeRTOS/Source/tasks.o (__sf)
C:/ST/STM32CubeIDE_1.18.0/STM32CubeIDE/plugins/com.st.stm32cube.ide.mcu.externaltools.gnu-tools-for-stm32.13.3.rel1.win32_1.0.0.202411081344/tools/bin/../lib/gcc/arm-none-eabi/13.3.1/../../../../arm-none-eabi/lib/thumb/v7e-m+fp/hard\libc_nano.a(libc_a-fwalk.o)
                              C:/ST/STM32CubeIDE_1.18.0/STM32CubeIDE/plugins/com.st.stm32cube.ide.mcu.externaltools.gnu-tools-for-stm32.13.3.rel1.win32_1.0.0.202411081344/tools/bin/../lib/gcc/arm-none-eabi/13.3.1/../../../../arm-none-eabi/lib/thumb/v7e-m+fp/hard\libc_nano.a(libc_a-findfp.o) (_fwalk_sglue)
C:/ST/STM32CubeIDE_1.18.0/STM32CubeIDE/plugins/com.st.stm32cube.ide.mcu.externaltools.gnu-tools-for-stm32.13.3.rel1.win32_1.0.0.202411081344/tools/bin/../lib/gcc/arm-none-eabi/13.3.1/../../../../arm-none-eabi/lib/thumb/v7e-m+fp/hard\libc_nano.a(libc_a-puts.o)
                              ./Core/Src/freertos.o (puts)
C:/ST/STM32CubeIDE_1.18.0/STM32CubeIDE/plugins/com.st.stm32cube.ide.mcu.externaltools.gnu-tools-for-stm32.13.3.rel1.win32_1.0.0.202411081344/tools/bin/../lib/gcc/arm-none-eabi/13.3.1/../../../../arm-none-eabi/lib/thumb/v7e-m+fp/hard\libc_nano.a(libc_a-stdio.o)
                              C:/ST/STM32CubeIDE_1.18.0/STM32CubeIDE/plugins/com.st.stm32cube.ide.mcu.externaltools.gnu-tools-for-stm32.13.3.rel1.win32_1.0.0.202411081344/tools/bin/../lib/gcc/arm-none-eabi/13.3.1/../../../../arm-none-eabi/lib/thumb/v7e-m+fp/hard\libc_nano.a(libc_a-findfp.o) (__sread)
C:/ST/STM32CubeIDE_1.18.0/STM32CubeIDE/plugins/com.st.stm32cube.ide.mcu.externaltools.gnu-tools-for-stm32.13.3.rel1.win32_1.0.0.202411081344/tools/bin/../lib/gcc/arm-none-eabi/13.3.1/../../../../arm-none-eabi/lib/thumb/v7e-m+fp/hard\libc_nano.a(libc_a-wbuf.o)
                              C:/ST/STM32CubeIDE_1.18.0/STM32CubeIDE/plugins/com.st.stm32cube.ide.mcu.externaltools.gnu-tools-for-stm32.13.3.rel1.win32_1.0.0.202411081344/tools/bin/../lib/gcc/arm-none-eabi/13.3.1/../../../../arm-none-eabi/lib/thumb/v7e-m+fp/hard\libc_nano.a(libc_a-puts.o) (__swbuf_r)
C:/ST/STM32CubeIDE_1.18.0/STM32CubeIDE/plugins/com.st.stm32cube.ide.mcu.externaltools.gnu-tools-for-stm32.13.3.rel1.win32_1.0.0.202411081344/tools/bin/../lib/gcc/arm-none-eabi/13.3.1/../../../../arm-none-eabi/lib/thumb/v7e-m+fp/hard\libc_nano.a(libc_a-wsetup.o)
                              C:/ST/STM32CubeIDE_1.18.0/STM32CubeIDE/plugins/com.st.stm32cube.ide.mcu.externaltools.gnu-tools-for-stm32.13.3.rel1.win32_1.0.0.202411081344/tools/bin/../lib/gcc/arm-none-eabi/13.3.1/../../../../arm-none-eabi/lib/thumb/v7e-m+fp/hard\libc_nano.a(libc_a-puts.o) (__swsetup_r)
C:/ST/STM32CubeIDE_1.18.0/STM32CubeIDE/plugins/com.st.stm32cube.ide.mcu.externaltools.gnu-tools-for-stm32.13.3.rel1.win32_1.0.0.202411081344/tools/bin/../lib/gcc/arm-none-eabi/13.3.1/../../../../arm-none-eabi/lib/thumb/v7e-m+fp/hard\libc_nano.a(libc_a-memset.o)
                              C:/ST/STM32CubeIDE_1.18.0/STM32CubeIDE/plugins/com.st.stm32cube.ide.mcu.externaltools.gnu-tools-for-stm32.13.3.rel1.win32_1.0.0.202411081344/tools/bin/../lib/gcc/arm-none-eabi/13.3.1/../../../../arm-none-eabi/lib/thumb/v7e-m+fp/hard/crt0.o (memset)
C:/ST/STM32CubeIDE_1.18.0/STM32CubeIDE/plugins/com.st.stm32cube.ide.mcu.externaltools.gnu-tools-for-stm32.13.3.rel1.win32_1.0.0.202411081344/tools/bin/../lib/gcc/arm-none-eabi/13.3.1/../../../../arm-none-eabi/lib/thumb/v7e-m+fp/hard\libc_nano.a(libc_a-closer.o)
                              C:/ST/STM32CubeIDE_1.18.0/STM32CubeIDE/plugins/com.st.stm32cube.ide.mcu.externaltools.gnu-tools-for-stm32.13.3.rel1.win32_1.0.0.202411081344/tools/bin/../lib/gcc/arm-none-eabi/13.3.1/../../../../arm-none-eabi/lib/thumb/v7e-m+fp/hard\libc_nano.a(libc_a-stdio.o) (_close_r)
C:/ST/STM32CubeIDE_1.18.0/STM32CubeIDE/plugins/com.st.stm32cube.ide.mcu.externaltools.gnu-tools-for-stm32.13.3.rel1.win32_1.0.0.202411081344/tools/bin/../lib/gcc/arm-none-eabi/13.3.1/../../../../arm-none-eabi/lib/thumb/v7e-m+fp/hard\libc_nano.a(libc_a-reent.o)
                              ./Middlewares/Third_Party/FreeRTOS/Source/tasks.o (_reclaim_reent)
[...]
Memory Configuration

Name             Origin             Length             Attributes
CCMRAM           0x10000000         0x00010000         xrw
RAM              0x20000000         0x00020000         xrw
FLASH            0x08000000         0x00100000         xr
*default*        0x00000000         0xffffffff

Linker script and memory map

LOAD C:/ST/STM32CubeIDE_1.18.0/STM32CubeIDE/plugins/com.st.stm32cube.ide.mcu.externaltools.gnu-tools-for-stm32.13.3.rel1.win32_1.0.0.202411081344/tools/bin/../lib/gcc/arm-none-eabi/13.3.1/thumb/v7e-m+fp/hard/crti.o
LOAD C:/ST/STM32CubeIDE_1.18.0/STM32CubeIDE/plugins/com.st.stm32cube.ide.mcu.externaltools.gnu-tools-for-stm32.13.3.rel1.win32_1.0.0.202411081344/tools/bin/../lib/gcc/arm-none-eabi/13.3.1/thumb/v7e-m+fp/hard/crtbegin.o
LOAD C:/ST/STM32CubeIDE_1.18.0/STM32CubeIDE/plugins/com.st.stm32cube.ide.mcu.externaltools.gnu-tools-for-stm32.13.3.rel1.win32_1.0.0.202411081344/tools/bin/../lib/gcc/arm-none-eabi/13.3.1/../../../../arm-none-eabi/lib/thumb/v7e-m+fp/hard/crt0.o
LOAD ./Core/Src/dma.o
LOAD ./Core/Src/freertos.o
LOAD ./Core/Src/gpio.o
LOAD ./Core/Src/main.o
LOAD ./Core/Src/sdio.o
LOAD ./Core/Src/stm32f4xx_hal_msp.o
LOAD ./Core/Src/stm32f4xx_hal_timebase_tim.o
LOAD ./Core/Src/stm32f4xx_it.o
LOAD ./Core/Src/syscalls.o
LOAD ./Core/Src/sysmem.o
LOAD ./Core/Src/system_stm32f4xx.o
LOAD ./Core/Src/usart.o
LOAD ./Core/Startup/startup_stm32f407vgtx.o
LOAD ./Drivers/STM32F4xx_HAL_Driver/Src/stm32f4xx_hal.o
LOAD ./Drivers/STM32F4xx_HAL_Driver/Src/stm32f4xx_hal_cortex.o
LOAD ./Drivers/STM32F4xx_HAL_Driver/Src/stm32f4xx_hal_dma.o
LOAD ./Drivers/STM32F4xx_HAL_Driver/Src/stm32f4xx_hal_dma_ex.o
LOAD ./Drivers/STM32F4xx_HAL_Driver/Src/stm32f4xx_hal_exti.o
LOAD ./Drivers/STM32F4xx_HAL_Driver/Src/stm32f4xx_hal_flash.o
LOAD ./Drivers/STM32F4xx_HAL_Driver/Src/stm32f4xx_hal_flash_ex.o
LOAD ./Drivers/STM32F4xx_HAL_Driver/Src/stm32f4xx_hal_flash_ramfunc.o
LOAD ./Drivers/STM32F4xx_HAL_Driver/Src/stm32f4xx_hal_gpio.o
LOAD ./Drivers/STM32F4xx_HAL_Driver/Src/stm32f4xx_hal_mmc.o
LOAD ./Drivers/STM32F4xx_HAL_Driver/Src/stm32f4xx_hal_pwr.o
LOAD ./Drivers/STM32F4xx_HAL_Driver/Src/stm32f4xx_hal_pwr_ex.o
LOAD ./Drivers/STM32F4xx_HAL_Driver/Src/stm32f4xx_hal_rcc.o
LOAD ./Drivers/STM32F4xx_HAL_Driver/Src/stm32f4xx_hal_rcc_ex.o
LOAD ./Drivers/STM32F4xx_HAL_Driver/Src/stm32f4xx_hal_sd.o
LOAD ./Drivers/STM32F4xx_HAL_Driver/Src/stm32f4xx_hal_tim.o
LOAD ./Drivers/STM32F4xx_HAL_Driver/Src/stm32f4xx_hal_tim_ex.o
LOAD ./Drivers/STM32F4xx_HAL_Driver/Src/stm32f4xx_hal_uart.o
LOAD ./Drivers/STM32F4xx_HAL_Driver/Src/stm32f4xx_ll_sdmmc.o
LOAD ./FATFS/App/fatfs.o
LOAD ./FATFS/Target/bsp_driver_sd.o
LOAD ./FATFS/Target/sd_diskio.o
LOAD ./Middlewares/Third_Party/FatFs/src/diskio.o
LOAD ./Middlewares/Third_Party/FatFs/src/ff.o
LOAD ./Middlewares/Third_Party/FatFs/src/ff_gen_drv.o
LOAD ./Middlewares/Third_Party/FatFs/src/option/syscall.o
LOAD ./Middlewares/Third_Party/FreeRTOS/Source/CMSIS_RTOS_V2/cmsis_os2.o
LOAD ./Middlewares/Third_Party/FreeRTOS/Source/croutine.o
LOAD ./Middlewares/Third_Party/FreeRTOS/Source/event_groups.o
LOAD ./Middlewares/Third_Party/FreeRTOS/Source/list.o
LOAD ./Middlewares/Third_Party/FreeRTOS/Source/queue.o
LOAD ./Middlewares/Third_Party/FreeRTOS/Source/stream_buffer.o
LOAD ./Middlewares/Third_Party/FreeRTOS/Source/tasks.o
LOAD ./Middlewares/Third_Party/FreeRTOS/Source/timers.o
LOAD ./Middlewares/Third_Party/FreeRTOS/Source/portable/GCC/ARM_CM4F/port.o
LOAD ./Middlewares/Third_Party/FreeRTOS/Source/portable/MemMang/heap_4.o
START GROUP
LOAD C:/ST/STM32CubeIDE_1.18.0/STM32CubeIDE/plugins/com.st.stm32cube.ide.mcu.externaltools.gnu-tools-for-stm32.13.3.rel1.win32_1.0.0.202411081344/tools/bin/../lib/gcc/arm-none-eabi/13.3.1/../../../../arm-none-eabi/lib/thumb/v7e-m+fp/hard\libc_nano.a
LOAD C:/ST/STM32CubeIDE_1.18.0/STM32CubeIDE/plugins/com.st.stm32cube.ide.mcu.externaltools.gnu-tools-for-stm32.13.3.rel1.win32_1.0.0.202411081344/tools/bin/../lib/gcc/arm-none-eabi/13.3.1/../../../../arm-none-eabi/lib/thumb/v7e-m+fp/hard\libm.a
END GROUP
START GROUP
LOAD C:/ST/STM32CubeIDE_1.18.0/STM32CubeIDE/plugins/com.st.stm32cube.ide.mcu.externaltools.gnu-tools-for-stm32.13.3.rel1.win32_1.0.0.202411081344/tools/bin/../lib/gcc/arm-none-eabi/13.3.1/thumb/v7e-m+fp/hard\libgcc.a
LOAD C:/ST/STM32CubeIDE_1.18.0/STM32CubeIDE/plugins/com.st.stm32cube.ide.mcu.externaltools.gnu-tools-for-stm32.13.3.rel1.win32_1.0.0.202411081344/tools/bin/../lib/gcc/arm-none-eabi/13.3.1/../../../../arm-none-eabi/lib/thumb/v7e-m+fp/hard\libc_nano.a
END GROUP
START GROUP
LOAD C:/ST/STM32CubeIDE_1.18.0/STM32CubeIDE/plugins/com.st.stm32cube.ide.mcu.externaltools.gnu-tools-for-stm32.13.3.rel1.win32_1.0.0.202411081344/tools/bin/../lib/gcc/arm-none-eabi/13.3.1/thumb/v7e-m+fp/hard\libgcc.a
LOAD C:/ST/STM32CubeIDE_1.18.0/STM32CubeIDE/plugins/com.st.stm32cube.ide.mcu.externaltools.gnu-tools-for-stm32.13.3.rel1.win32_1.0.0.202411081344/tools/bin/../lib/gcc/arm-none-eabi/13.3.1/../../../../arm-none-eabi/lib/thumb/v7e-m+fp/hard\libc_nano.a
LOAD C:/ST/STM32CubeIDE_1.18.0/STM32CubeIDE/plugins/com.st.stm32cube.ide.mcu.externaltools.gnu-tools-for-stm32.13.3.rel1.win32_1.0.0.202411081344/tools/bin/../lib/gcc/arm-none-eabi/13.3.1/../../../../arm-none-eabi/lib/thumb/v7e-m+fp/hard\libnosys.a
END GROUP
START GROUP
LOAD C:/ST/STM32CubeIDE_1.18.0/STM32CubeIDE/plugins/com.st.stm32cube.ide.mcu.externaltools.gnu-tools-for-stm32.13.3.rel1.win32_1.0.0.202411081344/tools/bin/../lib/gcc/arm-none-eabi/13.3.1/thumb/v7e-m+fp/hard\libgcc.a
LOAD C:/ST/STM32CubeIDE_1.18.0/STM32CubeIDE/plugins/com.st.stm32cube.ide.mcu.externaltools.gnu-tools-for-stm32.13.3.rel1.win32_1.0.0.202411081344/tools/bin/../lib/gcc/arm-none-eabi/13.3.1/../../../../arm-none-eabi/lib/thumb/v7e-m+fp/hard\libc_nano.a
LOAD C:/ST/STM32CubeIDE_1.18.0/STM32CubeIDE/plugins/com.st.stm32cube.ide.mcu.externaltools.gnu-tools-for-stm32.13.3.rel1.win32_1.0.0.202411081344/tools/bin/../lib/gcc/arm-none-eabi/13.3.1/../../../../arm-none-eabi/lib/thumb/v7e-m+fp/hard\libnosys.a
END GROUP
LOAD C:/ST/STM32CubeIDE_1.18.0/STM32CubeIDE/plugins/com.st.stm32cube.ide.mcu.externaltools.gnu-tools-for-stm32.13.3.rel1.win32_1.0.0.202411081344/tools/bin/../lib/gcc/arm-none-eabi/13.3.1/thumb/v7e-m+fp/hard/crtend.o
LOAD C:/ST/STM32CubeIDE_1.18.0/STM32CubeIDE/plugins/com.st.stm32cube.ide.mcu.externaltools.gnu-tools-for-stm32.13.3.rel1.win32_1.0.0.202411081344/tools/bin/../lib/gcc/arm-none-eabi/13.3.1/thumb/v7e-m+fp/hard/crtn.o
                0x20020000                        _estack = (ORIGIN (RAM) + LENGTH (RAM))
                0x00000200                        _Min_Heap_Size = 0x200
                0x00000400                        _Min_Stack_Size = 0x400

.isr_vector     0x08000000      0x188
                0x08000000                        . = ALIGN (0x4)
 *(.isr_vector)
 .isr_vector    0x08000000      0x188 ./Core/Startup/startup_stm32f407vgtx.o
                0x08000000                g_pfnVectors
                0x08000188                        . = ALIGN (0x4)

.text           0x08000190     0xc080
                0x08000190                        . = ALIGN (0x4)
 *(.text)
 .text          0x08000190       0x40 C:/ST/STM32CubeIDE_1.18.0/STM32CubeIDE/plugins/com.st.stm32cube.ide.mcu.externaltools.gnu-tools-for-stm32.13.3.rel1.win32_1.0.0.202411081344/tools/bin/../lib/gcc/arm-none-eabi/13.3.1/thumb/v7e-m+fp/hard/crtbegin.o
 .text          0x080001d0       0x10 C:/ST/STM32CubeIDE_1.18.0/STM32CubeIDE/plugins/com.st.stm32cube.ide.mcu.externaltools.gnu-tools-for-stm32.13.3.rel1.win32_1.0.0.202411081344/tools/bin/../lib/gcc/arm-none-eabi/13.3.1/../../../../arm-none-eabi/lib/thumb/v7e-m+fp/hard\libc_nano.a(libc_a-strlen.o)
                0x080001d0                strlen
 .text          0x080001e0       0x30 C:/ST/STM32CubeIDE_1.18.0/STM32CubeIDE/plugins/com.st.stm32cube.ide.mcu.externaltools.gnu-tools-for-stm32.13.3.rel1.win32_1.0.0.202411081344/tools/bin/../lib/gcc/arm-none-eabi/13.3.1/thumb/v7e-m+fp/hard\libgcc.a(_aeabi_uldivmod.o)
                0x080001e0                __aeabi_uldivmod
 .text          0x08000210      0x2f8 C:/ST/STM32CubeIDE_1.18.0/STM32CubeIDE/plugins/com.st.stm32cube.ide.mcu.externaltools.gnu-tools-for-stm32.13.3.rel1.win32_1.0.0.202411081344/tools/bin/../lib/gcc/arm-none-eabi/13.3.1/thumb/v7e-m+fp/hard\libgcc.a(_udivmoddi4.o)
                0x08000210                __udivmoddi4
 .text          0x08000508        0x4 C:/ST/STM32CubeIDE_1.18.0/STM32CubeIDE/plugins/com.st.stm32cube.ide.mcu.externaltools.gnu-tools-for-stm32.13.3.rel1.win32_1.0.0.202411081344/tools/bin/../lib/gcc/arm-none-eabi/13.3.1/thumb/v7e-m+fp/hard\libgcc.a(_dvmd_tls.o)
                0x08000508                __aeabi_idiv0
                0x08000508                __aeabi_ldiv0
 *(.text*)
 .text.MX_DMA_Init
                0x0800050c       0x50 ./Core/Src/dma.o
                0x0800050c                MX_DMA_Init
 .text.MX_FREERTOS_Init
                0x0800055c       0x24 ./Core/Src/freertos.o
                0x0800055c                MX_FREERTOS_Init
 .text.StartDefaultTask
                0x08000580      0x108 ./Core/Src/freertos.o
                0x08000580                StartDefaultTask
 .text.MX_GPIO_Init
                0x08000688       0x6c ./Core/Src/gpio.o
                0x08000688                MX_GPIO_Init
 .text.main     0x080006f4       0x30 ./Core/Src/main.o
                0x080006f4                main
 .text.SystemClock_Config
                0x08000724       0xd4 ./Core/Src/main.o
                0x08000724                SystemClock_Config
 .text.__io_putchar
                0x080007f8       0x24 ./Core/Src/main.o
                0x080007f8                __io_putchar
 .text.HAL_TIM_PeriodElapsedCallback
                0x0800081c       0x24 ./Core/Src/main.o
                0x0800081c                HAL_TIM_PeriodElapsedCallback
 .text.Error_Handler
                0x08000840        0xc ./Core/Src/main.o
                0x08000840                Error_Handler
 .text.MX_SDIO_SD_Init
                0x0800084c       0x40 ./Core/Src/sdio.o
                0x0800084c                MX_SDIO_SD_Init
 .text.HAL_SD_MspInit
                0x0800088c      0x1e4 ./Core/Src/sdio.o
                0x0800088c                HAL_SD_MspInit
 .text.HAL_MspInit
                0x08000a70       0x58 ./Core/Src/stm32f4xx_hal_msp.o
                0x08000a70                HAL_MspInit
 .text.HAL_InitTick
                0x08000ac8       0xf8 ./Core/Src/stm32f4xx_hal_timebase_tim.o
                0x08000ac8                HAL_InitTick
 .text.NMI_Handler
                0x08000bc0        0x8 ./Core/Src/stm32f4xx_it.o
                0x08000bc0                NMI_Handler
 .text.HardFault_Handler
                0x08000bc8        0x8 ./Core/Src/stm32f4xx_it.o
                0x08000bc8                HardFault_Handler
 .text.MemManage_Handler
                0x08000bd0        0x8 ./Core/Src/stm32f4xx_it.o
                0x08000bd0                MemManage_Handler
 .text.BusFault_Handler
                0x08000bd8        0x8 ./Core/Src/stm32f4xx_it.o
                0x08000bd8                BusFault_Handler
 .text.UsageFault_Handler
                0x08000be0        0x8 ./Core/Src/stm32f4xx_it.o
                0x08000be0                UsageFault_Handler
 .text.DebugMon_Handler
                0x08000be8        0xe ./Core/Src/stm32f4xx_it.o
                0x08000be8                DebugMon_Handler
 *fill*         0x08000bf6        0x2 
 .text.TIM8_TRG_COM_TIM14_IRQHandler
                0x08000bf8       0x14 ./Core/Src/stm32f4xx_it.o
                0x08000bf8                TIM8_TRG_COM_TIM14_IRQHandler
 .text.SDIO_IRQHandler
                0x08000c0c       0x14 ./Core/Src/stm32f4xx_it.o
                0x08000c0c                SDIO_IRQHandler
 .text.DMA2_Stream3_IRQHandler
                0x08000c20       0x14 ./Core/Src/stm32f4xx_it.o
                0x08000c20                DMA2_Stream3_IRQHandler
 .text.DMA2_Stream6_IRQHandler
                0x08000c34       0x14 ./Core/Src/stm32f4xx_it.o
                0x08000c34                DMA2_Stream6_IRQHandler
 .text._read    0x08000c48       0x3a ./Core/Src/syscalls.o
                0x08000c48                _read
 .text._write   0x08000c82       0x38 ./Core/Src/syscalls.o
                0x08000c82                _write
 .text._close   0x08000cba       0x18 ./Core/Src/syscalls.o
                0x08000cba                _close
 .text._fstat   0x08000cd2       0x20 ./Core/Src/syscalls.o
                0x08000cd2                _fstat
 .text._isatty  0x08000cf2       0x16 ./Core/Src/syscalls.o
                0x08000cf2                _isatty
 .text._lseek   0x08000d08       0x1a ./Core/Src/syscalls.o
                0x08000d08                _lseek
 *fill*         0x08000d22        0x2 
 .text._sbrk    0x08000d24       0x6c ./Core/Src/sysmem.o
                0x08000d24                _sbrk
 .text.SystemInit
                0x08000d90       0x24 ./Core/Src/system_stm32f4xx.o
                0x08000d90                SystemInit
 .text.MX_USART1_UART_Init
                0x08000db4       0x54 ./Core/Src/usart.o
                0x08000db4                MX_USART1_UART_Init
 .text.HAL_UART_MspInit
                0x08000e08       0x90 ./Core/Src/usart.o
                0x08000e08                HAL_UART_MspInit
 .text.Reset_Handler
                0x08000e98       0x50 ./Core/Startup/startup_stm32f407vgtx.o
                0x08000e98                Reset_Handler
 .text.Default_Handler
                0x08000ee8        0x2 ./Core/Startup/startup_stm32f407vgtx.o
                0x08000ee8                RTC_Alarm_IRQHandler
                0x08000ee8                HASH_RNG_IRQHandler
                0x08000ee8                EXTI2_IRQHandler
                0x08000ee8                TIM8_CC_IRQHandler
                0x08000ee8                TIM1_CC_IRQHandler
                0x08000ee8                DMA2_Stream5_IRQHandler
                0x08000ee8                DMA1_Stream5_IRQHandler
                0x08000ee8                PVD_IRQHandler
                0x08000ee8                TAMP_STAMP_IRQHandler
                0x08000ee8                CAN2_RX1_IRQHandler
                0x08000ee8                EXTI3_IRQHandler
                0x08000ee8                TIM1_UP_TIM10_IRQHandler
                0x08000ee8                TIM8_UP_TIM13_IRQHandler
                0x08000ee8                I2C3_ER_IRQHandler
                0x08000ee8                EXTI0_IRQHandler
                0x08000ee8                I2C2_EV_IRQHandler
                0x08000ee8                DMA1_Stream2_IRQHandler
                0x08000ee8                CAN1_RX0_IRQHandler
                0x08000ee8                FPU_IRQHandler
                0x08000ee8                OTG_HS_WKUP_IRQHandler
                0x08000ee8                CAN2_SCE_IRQHandler
                0x08000ee8                DMA2_Stream2_IRQHandler
                0x08000ee8                SPI1_IRQHandler
                0x08000ee8                TIM6_DAC_IRQHandler
                0x08000ee8                TIM1_BRK_TIM9_IRQHandler
                0x08000ee8                DCMI_IRQHandler
                0x08000ee8                CAN2_RX0_IRQHandler
                0x08000ee8                USART6_IRQHandler
                0x08000ee8                USART3_IRQHandler
                0x08000ee8                CAN1_RX1_IRQHandler
                0x08000ee8                UART5_IRQHandler
                0x08000ee8                DMA2_Stream0_IRQHandler
                0x08000ee8                TIM4_IRQHandler
                0x08000ee8                I2C1_EV_IRQHandler
                0x08000ee8                DMA1_Stream6_IRQHandler
                0x08000ee8                DMA1_Stream1_IRQHandler
                0x08000ee8                UART4_IRQHandler
                0x08000ee8                TIM3_IRQHandler
                0x08000ee8                RCC_IRQHandler
                0x08000ee8                TIM8_BRK_TIM12_IRQHandler
                0x08000ee8                Default_Handler
                0x08000ee8                EXTI15_10_IRQHandler
                0x08000ee8                ADC_IRQHandler
                0x08000ee8                DMA1_Stream7_IRQHandler
                0x08000ee8                TIM7_IRQHandler
                0x08000ee8                CAN2_TX_IRQHandler
                0x08000ee8                TIM5_IRQHandler
                0x08000ee8                DMA2_Stream7_IRQHandler
                0x08000ee8                I2C3_EV_IRQHandler
                0x08000ee8                EXTI9_5_IRQHandler
                0x08000ee8                RTC_WKUP_IRQHandler
                0x08000ee8                ETH_WKUP_IRQHandler
                0x08000ee8                SPI2_IRQHandler
                0x08000ee8                OTG_HS_EP1_IN_IRQHandler
                0x08000ee8                DMA1_Stream0_IRQHandler
                0x08000ee8                CAN1_TX_IRQHandler
                0x08000ee8                EXTI4_IRQHandler
                0x08000ee8                FSMC_IRQHandler
                0x08000ee8                ETH_IRQHandler
                0x08000ee8                OTG_HS_EP1_OUT_IRQHandler
                0x08000ee8                WWDG_IRQHandler
                0x08000ee8                TIM2_IRQHandler
                0x08000ee8                OTG_FS_WKUP_IRQHandler
                0x08000ee8                TIM1_TRG_COM_TIM11_IRQHandler
                0x08000ee8                OTG_HS_IRQHandler
                0x08000ee8                EXTI1_IRQHandler
                0x08000ee8                USART2_IRQHandler
                0x08000ee8                I2C2_ER_IRQHandler
                0x08000ee8                DMA2_Stream1_IRQHandler
                0x08000ee8                CAN1_SCE_IRQHandler
                0x08000ee8                FLASH_IRQHandler
                0x08000ee8                DMA2_Stream4_IRQHandler
                0x08000ee8                USART1_IRQHandler
                0x08000ee8                OTG_FS_IRQHandler
                0x08000ee8                SPI3_IRQHandler
                0x08000ee8                DMA1_Stream4_IRQHandler
                0x08000ee8                I2C1_ER_IRQHandler
                0x08000ee8                DMA1_Stream3_IRQHandler
 *fill*         0x08000eea        0x2 
 .text.HAL_Init
                0x08000eec       0x44 ./Drivers/STM32F4xx_HAL_Driver/Src/stm32f4xx_hal.o
                0x08000eec                HAL_Init
 .text.HAL_IncTick
                0x08000f30       0x28 ./Drivers/STM32F4xx_HAL_Driver/Src/stm32f4xx_hal.o
                0x08000f30                HAL_IncTick
 .text.HAL_GetTick
                0x08000f58       0x18 ./Drivers/STM32F4xx_HAL_Driver/Src/stm32f4xx_hal.o
                0x08000f58                HAL_GetTick
 .text.HAL_Delay
                0x08000f70       0x48 ./Drivers/STM32F4xx_HAL_Driver/Src/stm32f4xx_hal.o
                0x08000f70                HAL_Delay
 .text.__NVIC_SetPriorityGrouping
                0x08000fb8       0x48 ./Drivers/STM32F4xx_HAL_Driver/Src/stm32f4xx_hal_cortex.o
 .text.__NVIC_GetPriorityGrouping
                0x08001000       0x1c ./Drivers/STM32F4xx_HAL_Driver/Src/stm32f4xx_hal_cortex.o
 .text.__NVIC_EnableIRQ
                0x0800101c       0x3c ./Drivers/STM32F4xx_HAL_Driver/Src/stm32f4xx_hal_cortex.o
 .text.__NVIC_SetPriority
                0x08001058       0x54 ./Drivers/STM32F4xx_HAL_Driver/Src/stm32f4xx_hal_cortex.o
 .text.NVIC_EncodePriority
                0x080010ac       0x66 ./Drivers/STM32F4xx_HAL_Driver/Src/stm32f4xx_hal_cortex.o
 .text.HAL_NVIC_SetPriorityGrouping
                0x08001112       0x16 ./Drivers/STM32F4xx_HAL_Driver/Src/stm32f4xx_hal_cortex.o
                0x08001112                HAL_NVIC_SetPriorityGrouping
 .text.HAL_NVIC_SetPriority
                0x08001128       0x38 ./Drivers/STM32F4xx_HAL_Driver/Src/stm32f4xx_hal_cortex.o
                0x08001128                HAL_NVIC_SetPriority
 .text.HAL_NVIC_EnableIRQ
                0x08001160       0x1c ./Drivers/STM32F4xx_HAL_Driver/Src/stm32f4xx_hal_cortex.o
                0x08001160                HAL_NVIC_EnableIRQ
 .text.HAL_DMA_Init
                0x0800117c      0x15c ./Drivers/STM32F4xx_HAL_Driver/Src/stm32f4xx_hal_dma.o
                0x0800117c                HAL_DMA_Init
 .text.HAL_DMA_Start_IT
                0x080012d8       0xb0 ./Drivers/STM32F4xx_HAL_Driver/Src/stm32f4xx_hal_dma.o
                0x080012d8                HAL_DMA_Start_IT
 .text.HAL_DMA_Abort_IT
                0x08001388       0x44 ./Drivers/STM32F4xx_HAL_Driver/Src/stm32f4xx_hal_dma.o
                0x08001388                HAL_DMA_Abort_IT
 .text.HAL_DMA_IRQHandler
                0x080013cc      0x314 ./Drivers/STM32F4xx_HAL_Driver/Src/stm32f4xx_hal_dma.o
                0x080013cc                HAL_DMA_IRQHandler
 .text.HAL_DMA_GetError
                0x080016e0       0x18 ./Drivers/STM32F4xx_HAL_Driver/Src/stm32f4xx_hal_dma.o
                0x080016e0                HAL_DMA_GetError
 .text.DMA_SetConfig
                0x080016f8       0x5c ./Drivers/STM32F4xx_HAL_Driver/Src/stm32f4xx_hal_dma.o
 .text.DMA_CalcBaseAndBitshift
                0x08001754       0x6c ./Drivers/STM32F4xx_HAL_Driver/Src/stm32f4xx_hal_dma.o
 .text.DMA_CheckFifoParam
                0x080017c0       0xf8 ./Drivers/STM32F4xx_HAL_Driver/Src/stm32f4xx_hal_dma.o
 .text.HAL_GPIO_Init
                0x080018b8      0x338 ./Drivers/STM32F4xx_HAL_Driver/Src/stm32f4xx_hal_gpio.o
                0x080018b8                HAL_GPIO_Init
 .text.HAL_RCC_OscConfig
                0x08001bf0      0x4f0 ./Drivers/STM32F4xx_HAL_Driver/Src/stm32f4xx_hal_rcc.o
                0x08001bf0                HAL_RCC_OscConfig
 .text.HAL_RCC_ClockConfig
                0x080020e0      0x1cc ./Drivers/STM32F4xx_HAL_Driver/Src/stm32f4xx_hal_rcc.o
                0x080020e0                HAL_RCC_ClockConfig
 .text.HAL_RCC_GetSysClockFreq
                0x080022ac      0x18c ./Drivers/STM32F4xx_HAL_Driver/Src/stm32f4xx_hal_rcc.o
                0x080022ac                HAL_RCC_GetSysClockFreq
 .text.HAL_RCC_GetHCLKFreq
                0x08002438       0x18 ./Drivers/STM32F4xx_HAL_Driver/Src/stm32f4xx_hal_rcc.o
                0x08002438                HAL_RCC_GetHCLKFreq
 .text.HAL_RCC_GetPCLK1Freq
                0x08002450       0x28 ./Drivers/STM32F4xx_HAL_Driver/Src/stm32f4xx_hal_rcc.o
                0x08002450                HAL_RCC_GetPCLK1Freq
 .text.HAL_RCC_GetPCLK2Freq
                0x08002478       0x28 ./Drivers/STM32F4xx_HAL_Driver/Src/stm32f4xx_hal_rcc.o
                0x08002478                HAL_RCC_GetPCLK2Freq
 .text.HAL_RCC_GetClockConfig
                0x080024a0       0x64 ./Drivers/STM32F4xx_HAL_Driver/Src/stm32f4xx_hal_rcc.o
                0x080024a0                HAL_RCC_GetClockConfig
 .text.HAL_SD_Init
                0x08002504       0x60 ./Drivers/STM32F4xx_HAL_Driver/Src/stm32f4xx_hal_sd.o
                0x08002504                HAL_SD_Init
 .text.HAL_SD_InitCard
                0x08002564      0x100 ./Drivers/STM32F4xx_HAL_Driver/Src/stm32f4xx_hal_sd.o
                0x08002564                HAL_SD_InitCard
 .text.HAL_SD_ReadBlocks_DMA
                0x08002664      0x1c4 ./Drivers/STM32F4xx_HAL_Driver/Src/stm32f4xx_hal_sd.o
                0x08002664                HAL_SD_ReadBlocks_DMA
 .text.HAL_SD_WriteBlocks_DMA
                0x08002828      0x1cc ./Drivers/STM32F4xx_HAL_Driver/Src/stm32f4xx_hal_sd.o
                0x08002828                HAL_SD_WriteBlocks_DMA
 .text.HAL_SD_IRQHandler
                0x080029f4      0x30c ./Drivers/STM32F4xx_HAL_Driver/Src/stm32f4xx_hal_sd.o
                0x080029f4                HAL_SD_IRQHandler
 .text.HAL_SD_ErrorCallback
                0x08002d00       0x14 ./Drivers/STM32F4xx_HAL_Driver/Src/stm32f4xx_hal_sd.o
                0x08002d00                HAL_SD_ErrorCallback
 .text.HAL_SD_GetCardCSD
                0x08002d14      0x348 ./Drivers/STM32F4xx_HAL_Driver/Src/stm32f4xx_hal_sd.o
                0x08002d14                HAL_SD_GetCardCSD
 .text.HAL_SD_GetCardInfo
                0x0800305c       0x58 ./Drivers/STM32F4xx_HAL_Driver/Src/stm32f4xx_hal_sd.o
                0x0800305c                HAL_SD_GetCardInfo
 .text.HAL_SD_GetCardState
                0x080030b4       0x40 ./Drivers/STM32F4xx_HAL_Driver/Src/stm32f4xx_hal_sd.o
                0x080030b4                HAL_SD_GetCardState
 .text.SD_DMATransmitCplt
                0x080030f4       0x2a ./Drivers/STM32F4xx_HAL_Driver/Src/stm32f4xx_hal_sd.o
 .text.SD_DMAReceiveCplt
                0x0800311e       0x70 ./Drivers/STM32F4xx_HAL_Driver/Src/stm32f4xx_hal_sd.o
 *fill*         0x0800318e        0x2 
 .text.SD_DMAError
                0x08003190       0xa4 ./Drivers/STM32F4xx_HAL_Driver/Src/stm32f4xx_hal_sd.o
 .text.SD_DMATxAbort
                0x08003234       0x6e ./Drivers/STM32F4xx_HAL_Driver/Src/stm32f4xx_hal_sd.o
 .text.SD_DMARxAbort
                0x080032a2       0x6e ./Drivers/STM32F4xx_HAL_Driver/Src/stm32f4xx_hal_sd.o
 .text.SD_InitCard
                0x08003310      0x19c ./Drivers/STM32F4xx_HAL_Driver/Src/stm32f4xx_hal_sd.o
 .text.SD_PowerON
                0x080034ac      0x11c ./Drivers/STM32F4xx_HAL_Driver/Src/stm32f4xx_hal_sd.o
 .text.SD_SendStatus
                0x080035c8       0x50 ./Drivers/STM32F4xx_HAL_Driver/Src/stm32f4xx_hal_sd.o
 .text.SD_Read_IT
                0x08003618       0xa2 ./Drivers/STM32F4xx_HAL_Driver/Src/stm32f4xx_hal_sd.o
 .text.SD_Write_IT
                0x080036ba       0xaa ./Drivers/STM32F4xx_HAL_Driver/Src/stm32f4xx_hal_sd.o
 .text.HAL_TIM_Base_Init
                0x08003764       0x9e ./Drivers/STM32F4xx_HAL_Driver/Src/stm32f4xx_hal_tim.o
                0x08003764                HAL_TIM_Base_Init
 .text.HAL_TIM_Base_MspInit
                0x08003802       0x14 ./Drivers/STM32F4xx_HAL_Driver/Src/stm32f4xx_hal_tim.o
                0x08003802                HAL_TIM_Base_MspInit
 *fill*         0x08003816        0x2 
 .text.HAL_TIM_Base_Start_IT
                0x08003818       0xe0 ./Drivers/STM32F4xx_HAL_Driver/Src/stm32f4xx_hal_tim.o
                0x08003818                HAL_TIM_Base_Start_IT
 .text.HAL_TIM_IRQHandler
                0x080038f8      0x1e0 ./Drivers/STM32F4xx_HAL_Driver/Src/stm32f4xx_hal_tim.o
                0x080038f8                HAL_TIM_IRQHandler
 .text.HAL_TIM_OC_DelayElapsedCallback
                0x08003ad8       0x14 ./Drivers/STM32F4xx_HAL_Driver/Src/stm32f4xx_hal_tim.o
                0x08003ad8                HAL_TIM_OC_DelayElapsedCallback
 .text.HAL_TIM_IC_CaptureCallback
                0x08003aec       0x14 ./Drivers/STM32F4xx_HAL_Driver/Src/stm32f4xx_hal_tim.o
                0x08003aec                HAL_TIM_IC_CaptureCallback
 .text.HAL_TIM_PWM_PulseFinishedCallback
                0x08003b00       0x14 ./Drivers/STM32F4xx_HAL_Driver/Src/stm32f4xx_hal_tim.o
                0x08003b00                HAL_TIM_PWM_PulseFinishedCallback
 .text.HAL_TIM_TriggerCallback
                0x08003b14       0x14 ./Drivers/STM32F4xx_HAL_Driver/Src/stm32f4xx_hal_tim.o
                0x08003b14                HAL_TIM_TriggerCallback
 .text.TIM_Base_SetConfig
                0x08003b28      0x158 ./Drivers/STM32F4xx_HAL_Driver/Src/stm32f4xx_hal_tim.o
                0x08003b28                TIM_Base_SetConfig
 .text.HAL_TIMEx_CommutCallback
                0x08003c80       0x14 ./Drivers/STM32F4xx_HAL_Driver/Src/stm32f4xx_hal_tim_ex.o
                0x08003c80                HAL_TIMEx_CommutCallback
 .text.HAL_TIMEx_BreakCallback
                0x08003c94       0x14 ./Drivers/STM32F4xx_HAL_Driver/Src/stm32f4xx_hal_tim_ex.o
                0x08003c94                HAL_TIMEx_BreakCallback
 .text.HAL_UART_Init
                0x08003ca8       0xa0 ./Drivers/STM32F4xx_HAL_Driver/Src/stm32f4xx_hal_uart.o
                0x08003ca8                HAL_UART_Init
 .text.HAL_UART_Transmit
                0x08003d48      0x116 ./Drivers/STM32F4xx_HAL_Driver/Src/stm32f4xx_hal_uart.o
                0x08003d48                HAL_UART_Transmit
 .text.UART_WaitOnFlagUntilTimeout
                0x08003e5e       0xb2 ./Drivers/STM32F4xx_HAL_Driver/Src/stm32f4xx_hal_uart.o
 .text.UART_EndRxTransfer
                0x08003f10       0xc6 ./Drivers/STM32F4xx_HAL_Driver/Src/stm32f4xx_hal_uart.o
 *fill*         0x08003fd6        0x2 
 .text.UART_SetConfig
                0x08003fd8      0x4e8 ./Drivers/STM32F4xx_HAL_Driver/Src/stm32f4xx_hal_uart.o
 .text.SDIO_Init
                0x080044c0       0x56 ./Drivers/STM32F4xx_HAL_Driver/Src/stm32f4xx_ll_sdmmc.o
                0x080044c0                SDIO_Init
 .text.SDIO_ReadFIFO
                0x08004516       0x1a ./Drivers/STM32F4xx_HAL_Driver/Src/stm32f4xx_ll_sdmmc.o
                0x08004516                SDIO_ReadFIFO
 .text.SDIO_WriteFIFO
                0x08004530       0x22 ./Drivers/STM32F4xx_HAL_Driver/Src/stm32f4xx_ll_sdmmc.o
                0x08004530                SDIO_WriteFIFO
 .text.SDIO_PowerState_ON
                0x08004552       0x1c ./Drivers/STM32F4xx_HAL_Driver/Src/stm32f4xx_ll_sdmmc.o
                0x08004552                SDIO_PowerState_ON
 .text.SDIO_GetPowerState
                0x0800456e       0x1c ./Drivers/STM32F4xx_HAL_Driver/Src/stm32f4xx_ll_sdmmc.o
                0x0800456e                SDIO_GetPowerState
 .text.SDIO_SendCommand
                0x0800458a       0x54 ./Drivers/STM32F4xx_HAL_Driver/Src/stm32f4xx_ll_sdmmc.o
                0x0800458a                SDIO_SendCommand
 .text.SDIO_GetCommandResponse
                0x080045de       0x1a ./Drivers/STM32F4xx_HAL_Driver/Src/stm32f4xx_ll_sdmmc.o
                0x080045de                SDIO_GetCommandResponse
 .text.SDIO_GetResponse
                0x080045f8       0x26 ./Drivers/STM32F4xx_HAL_Driver/Src/stm32f4xx_ll_sdmmc.o
                0x080045f8                SDIO_GetResponse
 .text.SDIO_ConfigData
                0x0800461e       0x58 ./Drivers/STM32F4xx_HAL_Driver/Src/stm32f4xx_ll_sdmmc.o
                0x0800461e                SDIO_ConfigData
 .text.SDMMC_CmdBlockLength
                0x08004676       0x44 ./Drivers/STM32F4xx_HAL_Driver/Src/stm32f4xx_ll_sdmmc.o
                0x08004676                SDMMC_CmdBlockLength
 .text.SDMMC_CmdReadSingleBlock
                0x080046ba       0x44 ./Drivers/STM32F4xx_HAL_Driver/Src/stm32f4xx_ll_sdmmc.o
                0x080046ba                SDMMC_CmdReadSingleBlock
 .text.SDMMC_CmdReadMultiBlock
                0x080046fe       0x44 ./Drivers/STM32F4xx_HAL_Driver/Src/stm32f4xx_ll_sdmmc.o
                0x080046fe                SDMMC_CmdReadMultiBlock
 .text.SDMMC_CmdWriteSingleBlock
                0x08004742       0x44 ./Drivers/STM32F4xx_HAL_Driver/Src/stm32f4xx_ll_sdmmc.o
                0x08004742                SDMMC_CmdWriteSingleBlock
 .text.SDMMC_CmdWriteMultiBlock
                0x08004786       0x44 ./Drivers/STM32F4xx_HAL_Driver/Src/stm32f4xx_ll_sdmmc.o
                0x08004786                SDMMC_CmdWriteMultiBlock
 *fill*         0x080047ca        0x2 
 .text.SDMMC_CmdStopTransfer
                0x080047cc       0x44 ./Drivers/STM32F4xx_HAL_Driver/Src/stm32f4xx_ll_sdmmc.o
                0x080047cc                SDMMC_CmdStopTransfer
 .text.SDMMC_CmdSelDesel
                0x08004810       0x46 ./Drivers/STM32F4xx_HAL_Driver/Src/stm32f4xx_ll_sdmmc.o
                0x08004810                SDMMC_CmdSelDesel
 .text.SDMMC_CmdGoIdleState
                0x08004856       0x3c ./Drivers/STM32F4xx_HAL_Driver/Src/stm32f4xx_ll_sdmmc.o
                0x08004856                SDMMC_CmdGoIdleState
 .text.SDMMC_CmdOperCond
                0x08004892       0x3e ./Drivers/STM32F4xx_HAL_Driver/Src/stm32f4xx_ll_sdmmc.o
                0x08004892                SDMMC_CmdOperCond
 .text.SDMMC_CmdAppCommand
                0x080048d0       0x44 ./Drivers/STM32F4xx_HAL_Driver/Src/stm32f4xx_ll_sdmmc.o
                0x080048d0                SDMMC_CmdAppCommand
 .text.SDMMC_CmdAppOperCommand
                0x08004914       0x46 ./Drivers/STM32F4xx_HAL_Driver/Src/stm32f4xx_ll_sdmmc.o
                0x08004914                SDMMC_CmdAppOperCommand
 .text.SDMMC_CmdSendCID
                0x0800495a       0x3c ./Drivers/STM32F4xx_HAL_Driver/Src/stm32f4xx_ll_sdmmc.o
                0x0800495a                SDMMC_CmdSendCID
 .text.SDMMC_CmdSendCSD
                0x08004996       0x3e ./Drivers/STM32F4xx_HAL_Driver/Src/stm32f4xx_ll_sdmmc.o
                0x08004996                SDMMC_CmdSendCSD
 .text.SDMMC_CmdSetRelAdd
                0x080049d4       0x42 ./Drivers/STM32F4xx_HAL_Driver/Src/stm32f4xx_ll_sdmmc.o
                0x080049d4                SDMMC_CmdSetRelAdd
 .text.SDMMC_CmdSendStatus
                0x08004a16       0x44 ./Drivers/STM32F4xx_HAL_Driver/Src/stm32f4xx_ll_sdmmc.o
                0x08004a16                SDMMC_CmdSendStatus
 *fill*         0x08004a5a        0x2 
 .text.SDMMC_GetCmdResp1
                0x08004a5c      0x1dc ./Drivers/STM32F4xx_HAL_Driver/Src/stm32f4xx_ll_sdmmc.o
                0x08004a5c                SDMMC_GetCmdResp1
 .text.SDMMC_GetCmdResp2
                0x08004c38       0x90 ./Drivers/STM32F4xx_HAL_Driver/Src/stm32f4xx_ll_sdmmc.o
                0x08004c38                SDMMC_GetCmdResp2
 .text.SDMMC_GetCmdResp3
                0x08004cc8       0x7c ./Drivers/STM32F4xx_HAL_Driver/Src/stm32f4xx_ll_sdmmc.o
                0x08004cc8                SDMMC_GetCmdResp3
 .text.SDMMC_GetCmdResp6
                0x08004d44       0xec ./Drivers/STM32F4xx_HAL_Driver/Src/stm32f4xx_ll_sdmmc.o
                0x08004d44                SDMMC_GetCmdResp6
 .text.SDMMC_GetCmdResp7
                0x08004e30       0x9c ./Drivers/STM32F4xx_HAL_Driver/Src/stm32f4xx_ll_sdmmc.o
                0x08004e30                SDMMC_GetCmdResp7
 .text.SDMMC_GetCmdError
                0x08004ecc       0x58 ./Drivers/STM32F4xx_HAL_Driver/Src/stm32f4xx_ll_sdmmc.o
 .text.MX_FATFS_Init
                0x08004f24       0x24 ./FATFS/App/fatfs.o
                0x08004f24                MX_FATFS_Init
 .text.get_fattime
                0x08004f48       0x10 ./FATFS/App/fatfs.o
                0x08004f48                get_fattime
 .text.BSP_SD_Init
                0x08004f58       0x30 ./FATFS/Target/bsp_driver_sd.o
                0x08004f58                BSP_SD_Init
 .text.BSP_SD_ReadBlocks_DMA
                0x08004f88       0x34 ./FATFS/Target/bsp_driver_sd.o
                0x08004f88                BSP_SD_ReadBlocks_DMA
 .text.BSP_SD_WriteBlocks_DMA
                0x08004fbc       0x34 ./FATFS/Target/bsp_driver_sd.o
                0x08004fbc                BSP_SD_WriteBlocks_DMA
 .text.BSP_SD_GetCardState
                0x08004ff0       0x20 ./FATFS/Target/bsp_driver_sd.o
                0x08004ff0                BSP_SD_GetCardState
 .text.BSP_SD_GetCardInfo
                0x08005010       0x1c ./FATFS/Target/bsp_driver_sd.o
                0x08005010                BSP_SD_GetCardInfo
 .text.HAL_SD_AbortCallback
                0x0800502c       0x14 ./FATFS/Target/bsp_driver_sd.o
                0x0800502c                HAL_SD_AbortCallback
 .text.HAL_SD_TxCpltCallback
                0x08005040       0x14 ./FATFS/Target/bsp_driver_sd.o
                0x08005040                HAL_SD_TxCpltCallback
 .text.HAL_SD_RxCpltCallback
                0x08005054       0x14 ./FATFS/Target/bsp_driver_sd.o
                0x08005054                HAL_SD_RxCpltCallback
 .text.BSP_SD_AbortCallback
                0x08005068        0xe ./FATFS/Target/bsp_driver_sd.o
                0x08005068                BSP_SD_AbortCallback
 .text.BSP_SD_IsDetected
                0x08005076       0x1a ./FATFS/Target/bsp_driver_sd.o
                0x08005076                BSP_SD_IsDetected
 .text.SD_CheckStatusWithTimeout
                0x08005090       0x3a ./FATFS/Target/sd_diskio.o
 *fill*         0x080050ca        0x2 
 .text.SD_CheckStatus
                0x080050cc       0x3c ./FATFS/Target/sd_diskio.o
 .text.SD_initialize
                0x08005108       0x84 ./FATFS/Target/sd_diskio.o
                0x08005108                SD_initialize
 .text.SD_status
                0x0800518c       0x1c ./FATFS/Target/sd_diskio.o
                0x0800518c                SD_status
 .text.SD_read  0x080051a8       0x94 ./FATFS/Target/sd_diskio.o
                0x080051a8                SD_read
 .text.SD_write
                0x0800523c       0x90 ./FATFS/Target/sd_diskio.o
                0x0800523c                SD_write
 .text.SD_ioctl
                0x080052cc       0xb0 ./FATFS/Target/sd_diskio.o
                0x080052cc                SD_ioctl
 .text.BSP_SD_WriteCpltCallback
                0x0800537c       0x24 ./FATFS/Target/sd_diskio.o
                0x0800537c                BSP_SD_WriteCpltCallback
 .text.BSP_SD_ReadCpltCallback
                0x080053a0       0x24 ./FATFS/Target/sd_diskio.o
                0x080053a0                BSP_SD_ReadCpltCallback
 .text.disk_status
                0x080053c4       0x34 ./Middlewares/Third_Party/FatFs/src/diskio.o
                0x080053c4                disk_status
 .text.disk_initialize
                0x080053f8       0x50 ./Middlewares/Third_Party/FatFs/src/diskio.o
                0x080053f8                disk_initialize
 .text.disk_read
                0x08005448       0x40 ./Middlewares/Third_Party/FatFs/src/diskio.o
                0x08005448                disk_read
 .text.disk_write
                0x08005488       0x40 ./Middlewares/Third_Party/FatFs/src/diskio.o
                0x08005488                disk_write
 .text.disk_ioctl
                0x080054c8       0x3c ./Middlewares/Third_Party/FatFs/src/diskio.o
                0x080054c8                disk_ioctl
 .text.ld_word  0x08005504       0x32 ./Middlewares/Third_Party/FatFs/src/ff.o
 .text.ld_dword
                0x08005536       0x46 ./Middlewares/Third_Party/FatFs/src/ff.o
 .text.st_word  0x0800557c       0x36 ./Middlewares/Third_Party/FatFs/src/ff.o
 .text.st_dword
                0x080055b2       0x58 ./Middlewares/Third_Party/FatFs/src/ff.o
 .text.mem_cpy  0x0800560a       0x42 ./Middlewares/Third_Party/FatFs/src/ff.o
 .text.mem_set  0x0800564c       0x36 ./Middlewares/Third_Party/FatFs/src/ff.o
 .text.mem_cmp  0x08005682       0x4e ./Middlewares/Third_Party/FatFs/src/ff.o
 .text.chk_chr  0x080056d0       0x36 ./Middlewares/Third_Party/FatFs/src/ff.o
 .text.lock_fs  0x08005706       0x2c ./Middlewares/Third_Party/FatFs/src/ff.o
 .text.unlock_fs
                0x08005732       0x36 ./Middlewares/Third_Party/FatFs/src/ff.o
 .text.chk_lock
                0x08005768       0xb8 ./Middlewares/Third_Party/FatFs/src/ff.o
 .text.enq_lock
                0x08005820       0x44 ./Middlewares/Third_Party/FatFs/src/ff.o
 .text.inc_lock
                0x08005864      0x11c ./Middlewares/Third_Party/FatFs/src/ff.o
 .text.dec_lock
                0x08005980       0x78 ./Middlewares/Third_Party/FatFs/src/ff.o
 .text.clear_lock
                0x080059f8       0x48 ./Middlewares/Third_Party/FatFs/src/ff.o
 .text.sync_window
                0x08005a40       0x88 ./Middlewares/Third_Party/FatFs/src/ff.o
 .text.move_window
                0x08005ac8       0x5a ./Middlewares/Third_Party/FatFs/src/ff.o
 *fill*         0x08005b22        0x2 
 .text.sync_fs  0x08005b24       0xe0 ./Middlewares/Third_Party/FatFs/src/ff.o
 .text.clust2sect
                0x08005c04       0x3e ./Middlewares/Third_Party/FatFs/src/ff.o
 .text.get_fat  0x08005c42      0x1a6 ./Middlewares/Third_Party/FatFs/src/ff.o
 .text.put_fat  0x08005de8      0x234 ./Middlewares/Third_Party/FatFs/src/ff.o
 .text.remove_chain
                0x0800601c       0xca ./Middlewares/Third_Party/FatFs/src/ff.o
 .text.create_chain
                0x080060e6      0x130 ./Middlewares/Third_Party/FatFs/src/ff.o
 .text.clmt_clust
                0x08006216       0x70 ./Middlewares/Third_Party/FatFs/src/ff.o
 .text.dir_sdi  0x08006286      0x112 ./Middlewares/Third_Party/FatFs/src/ff.o
 .text.dir_next
                0x08006398      0x1ac ./Middlewares/Third_Party/FatFs/src/ff.o
 .text.dir_alloc
                0x08006544       0x8e ./Middlewares/Third_Party/FatFs/src/ff.o
 .text.ld_clust
                0x080065d2       0x3e ./Middlewares/Third_Party/FatFs/src/ff.o
 .text.st_clust
                0x08006610       0x40 ./Middlewares/Third_Party/FatFs/src/ff.o
 .text.dir_find
                0x08006650       0xaa ./Middlewares/Third_Party/FatFs/src/ff.o
 .text.dir_register
                0x080066fa       0x64 ./Middlewares/Third_Party/FatFs/src/ff.o
 *fill*         0x0800675e        0x2 
 .text.create_name
                0x08006760      0x128 ./Middlewares/Third_Party/FatFs/src/ff.o
 .text.follow_path
                0x08006888       0xec ./Middlewares/Third_Party/FatFs/src/ff.o
 .text.get_ldnumber
                0x08006974       0x88 ./Middlewares/Third_Party/FatFs/src/ff.o
 .text.check_fs
                0x080069fc       0xac ./Middlewares/Third_Party/FatFs/src/ff.o
 .text.find_volume
                0x08006aa8      0x510 ./Middlewares/Third_Party/FatFs/src/ff.o
 .text.validate
                0x08006fb8       0x8e ./Middlewares/Third_Party/FatFs/src/ff.o
 *fill*         0x08007046        0x2 
 .text.f_mount  0x08007048       0xc8 ./Middlewares/Third_Party/FatFs/src/ff.o
                0x08007048                f_mount
 .text.f_open   0x08007110      0x39e ./Middlewares/Third_Party/FatFs/src/ff.o
                0x08007110                f_open
 .text.f_read   0x080074ae      0x31c ./Middlewares/Third_Party/FatFs/src/ff.o
                0x080074ae                f_read
 .text.f_write  0x080077ca      0x386 ./Middlewares/Third_Party/FatFs/src/ff.o
                0x080077ca                f_write
 .text.f_sync   0x08007b50      0x112 ./Middlewares/Third_Party/FatFs/src/ff.o
                0x08007b50                f_sync
 .text.f_close  0x08007c62       0x5e ./Middlewares/Third_Party/FatFs/src/ff.o
                0x08007c62                f_close
 .text.FATFS_LinkDriverEx
                0x08007cc0       0x98 ./Middlewares/Third_Party/FatFs/src/ff_gen_drv.o
                0x08007cc0                FATFS_LinkDriverEx
 .text.FATFS_LinkDriver
                0x08007d58       0x1e ./Middlewares/Third_Party/FatFs/src/ff_gen_drv.o
                0x08007d58                FATFS_LinkDriver
 .text.ff_cre_syncobj
                0x08007d76       0x36 ./Middlewares/Third_Party/FatFs/src/option/syscall.o
                0x08007d76                ff_cre_syncobj
 .text.ff_del_syncobj
                0x08007dac       0x18 ./Middlewares/Third_Party/FatFs/src/option/syscall.o
                0x08007dac                ff_del_syncobj
 .text.ff_req_grant
                0x08007dc4       0x2a ./Middlewares/Third_Party/FatFs/src/option/syscall.o
                0x08007dc4                ff_req_grant
 .text.ff_rel_grant
                0x08007dee       0x16 ./Middlewares/Third_Party/FatFs/src/option/syscall.o
                0x08007dee                ff_rel_grant
 .text.__NVIC_SetPriority
                0x08007e04       0x54 ./Middlewares/Third_Party/FreeRTOS/Source/CMSIS_RTOS_V2/cmsis_os2.o
 .text.SysTick_Handler
                0x08007e58       0x20 ./Middlewares/Third_Party/FreeRTOS/Source/CMSIS_RTOS_V2/cmsis_os2.o
                0x08007e58                SysTick_Handler
 .text.SVC_Setup
                0x08007e78       0x12 ./Middlewares/Third_Party/FreeRTOS/Source/CMSIS_RTOS_V2/cmsis_os2.o
 *fill*         0x08007e8a        0x2 
 .text.osKernelInitialize
                0x08007e8c       0x48 ./Middlewares/Third_Party/FreeRTOS/Source/CMSIS_RTOS_V2/cmsis_os2.o
                0x08007e8c                osKernelInitialize
 .text.osKernelGetState
                0x08007ed4       0x44 ./Middlewares/Third_Party/FreeRTOS/Source/CMSIS_RTOS_V2/cmsis_os2.o
                0x08007ed4                osKernelGetState
 .text.osKernelStart
                0x08007f18       0x4c ./Middlewares/Third_Party/FreeRTOS/Source/CMSIS_RTOS_V2/cmsis_os2.o
                0x08007f18                osKernelStart
 .text.osKernelGetTickCount
                0x08007f64       0x2a ./Middlewares/Third_Party/FreeRTOS/Source/CMSIS_RTOS_V2/cmsis_os2.o
                0x08007f64                osKernelGetTickCount
 .text.osThreadNew
                0x08007f8e      0x124 ./Middlewares/Third_Party/FreeRTOS/Source/CMSIS_RTOS_V2/cmsis_os2.o
                0x08007f8e                osThreadNew
 .text.osDelay  0x080080b2       0x36 ./Middlewares/Third_Party/FreeRTOS/Source/CMSIS_RTOS_V2/cmsis_os2.o
                0x080080b2                osDelay
 .text.osSemaphoreNew
                0x080080e8      0x112 ./Middlewares/Third_Party/FreeRTOS/Source/CMSIS_RTOS_V2/cmsis_os2.o
                0x080080e8                osSemaphoreNew
 *fill*         0x080081fa        0x2 
 .text.osSemaphoreAcquire
                0x080081fc       0xa4 ./Middlewares/Third_Party/FreeRTOS/Source/CMSIS_RTOS_V2/cmsis_os2.o
                0x080081fc                osSemaphoreAcquire
 .text.osSemaphoreRelease
                0x080082a0       0x88 ./Middlewares/Third_Party/FreeRTOS/Source/CMSIS_RTOS_V2/cmsis_os2.o
                0x080082a0                osSemaphoreRelease
 .text.osSemaphoreDelete
                0x08008328       0x48 ./Middlewares/Third_Party/FreeRTOS/Source/CMSIS_RTOS_V2/cmsis_os2.o
                0x08008328                osSemaphoreDelete
 .text.osMessageQueueNew
                0x08008370       0xe6 ./Middlewares/Third_Party/FreeRTOS/Source/CMSIS_RTOS_V2/cmsis_os2.o
                0x08008370                osMessageQueueNew
 *fill*         0x08008456        0x2 
 .text.osMessageQueuePut
                0x08008458       0xc0 ./Middlewares/Third_Party/FreeRTOS/Source/CMSIS_RTOS_V2/cmsis_os2.o
                0x08008458                osMessageQueuePut
 .text.osMessageQueueGet
                0x08008518       0xbc ./Middlewares/Third_Party/FreeRTOS/Source/CMSIS_RTOS_V2/cmsis_os2.o
                0x08008518                osMessageQueueGet
 .text.vApplicationGetIdleTaskMemory
                0x080085d4       0x34 ./Middlewares/Third_Party/FreeRTOS/Source/CMSIS_RTOS_V2/cmsis_os2.o
                0x080085d4                vApplicationGetIdleTaskMemory
 .text.vApplicationGetTimerTaskMemory
                0x08008608       0x34 ./Middlewares/Third_Party/FreeRTOS/Source/CMSIS_RTOS_V2/cmsis_os2.o
                0x08008608                vApplicationGetTimerTaskMemory
 .text.vListInitialise
                0x0800863c       0x40 ./Middlewares/Third_Party/FreeRTOS/Source/list.o
                0x0800863c                vListInitialise
 .text.vListInitialiseItem
                0x0800867c       0x1a ./Middlewares/Third_Party/FreeRTOS/Source/list.o
                0x0800867c                vListInitialiseItem
 .text.vListInsertEnd
                0x08008696       0x48 ./Middlewares/Third_Party/FreeRTOS/Source/list.o
                0x08008696                vListInsertEnd
 .text.vListInsert
                0x080086de       0x72 ./Middlewares/Third_Party/FreeRTOS/Source/list.o
                0x080086de                vListInsert
 .text.uxListRemove
                0x08008750       0x54 ./Middlewares/Third_Party/FreeRTOS/Source/list.o
                0x08008750                uxListRemove
 .text.xQueueGenericReset
                0x080087a4       0xd4 ./Middlewares/Third_Party/FreeRTOS/Source/queue.o
                0x080087a4                xQueueGenericReset
 .text.xQueueGenericCreateStatic
                0x08008878       0xfa ./Middlewares/Third_Party/FreeRTOS/Source/queue.o
                0x08008878                xQueueGenericCreateStatic
 .text.xQueueGenericCreate
                0x08008972       0x76 ./Middlewares/Third_Party/FreeRTOS/Source/queue.o
                0x08008972                xQueueGenericCreate
 .text.prvInitialiseNewQueue
                0x080089e8       0x46 ./Middlewares/Third_Party/FreeRTOS/Source/queue.o
 .text.xQueueCreateCountingSemaphoreStatic
                0x08008a2e       0x72 ./Middlewares/Third_Party/FreeRTOS/Source/queue.o
                0x08008a2e                xQueueCreateCountingSemaphoreStatic
 .text.xQueueCreateCountingSemaphore
                0x08008aa0       0x6a ./Middlewares/Third_Party/FreeRTOS/Source/queue.o
                0x08008aa0                xQueueCreateCountingSemaphore
 *fill*         0x08008b0a        0x2 
 .text.xQueueGenericSend
                0x08008b0c      0x204 ./Middlewares/Third_Party/FreeRTOS/Source/queue.o
                0x08008b0c                xQueueGenericSend
 .text.xQueueGenericSendFromISR
                0x08008d10      0x13c ./Middlewares/Third_Party/FreeRTOS/Source/queue.o
                0x08008d10                xQueueGenericSendFromISR
 .text.xQueueGiveFromISR
                0x08008e4c      0x120 ./Middlewares/Third_Party/FreeRTOS/Source/queue.o
                0x08008e4c                xQueueGiveFromISR
 .text.xQueueReceive
                0x08008f6c      0x1c4 ./Middlewares/Third_Party/FreeRTOS/Source/queue.o
                0x08008f6c                xQueueReceive
 .text.xQueueSemaphoreTake
                0x08009130      0x220 ./Middlewares/Third_Party/FreeRTOS/Source/queue.o
                0x08009130                xQueueSemaphoreTake
 .text.xQueueReceiveFromISR
                0x08009350      0x104 ./Middlewares/Third_Party/FreeRTOS/Source/queue.o
                0x08009350                xQueueReceiveFromISR
 .text.vQueueDelete
                0x08009454       0x48 ./Middlewares/Third_Party/FreeRTOS/Source/queue.o
                0x08009454                vQueueDelete
 .text.prvGetDisinheritPriorityAfterTimeout
                0x0800949c       0x30 ./Middlewares/Third_Party/FreeRTOS/Source/queue.o
 .text.prvCopyDataToQueue
                0x080094cc       0xd4 ./Middlewares/Third_Party/FreeRTOS/Source/queue.o
 .text.prvCopyDataFromQueue
                0x080095a0       0x4c ./Middlewares/Third_Party/FreeRTOS/Source/queue.o
 .text.prvUnlockQueue
                0x080095ec       0xa4 ./Middlewares/Third_Party/FreeRTOS/Source/queue.o
 .text.prvIsQueueEmpty
                0x08009690       0x2c ./Middlewares/Third_Party/FreeRTOS/Source/queue.o
 .text.prvIsQueueFull
                0x080096bc       0x30 ./Middlewares/Third_Party/FreeRTOS/Source/queue.o
 .text.vQueueAddToRegistry
                0x080096ec       0x54 ./Middlewares/Third_Party/FreeRTOS/Source/queue.o
                0x080096ec                vQueueAddToRegistry
 .text.vQueueUnregisterQueue
                0x08009740       0x54 ./Middlewares/Third_Party/FreeRTOS/Source/queue.o
                0x08009740                vQueueUnregisterQueue
 .text.vQueueWaitForMessageRestricted
                0x08009794       0x68 ./Middlewares/Third_Party/FreeRTOS/Source/queue.o
                0x08009794                vQueueWaitForMessageRestricted
 .text.xTaskCreateStatic
                0x080097fc       0xc0 ./Middlewares/Third_Party/FreeRTOS/Source/tasks.o
                0x080097fc                xTaskCreateStatic
 .text.xTaskCreate
                0x080098bc       0x8a ./Middlewares/Third_Party/FreeRTOS/Source/tasks.o
                0x080098bc                xTaskCreate
 *fill*         0x08009946        0x2 
 .text.prvInitialiseNewTask
                0x08009948      0x150 ./Middlewares/Third_Party/FreeRTOS/Source/tasks.o
 .text.prvAddNewTaskToReadyList
                0x08009a98       0xe0 ./Middlewares/Third_Party/FreeRTOS/Source/tasks.o
 .text.vTaskDelay
                0x08009b78       0x6c ./Middlewares/Third_Party/FreeRTOS/Source/tasks.o
                0x08009b78                vTaskDelay
 .text.vTaskStartScheduler
                0x08009be4       0xe0 ./Middlewares/Third_Party/FreeRTOS/Source/tasks.o
                0x08009be4                vTaskStartScheduler
 .text.vTaskSuspendAll
                0x08009cc4       0x1c ./Middlewares/Third_Party/FreeRTOS/Source/tasks.o
                0x08009cc4                vTaskSuspendAll
 .text.xTaskResumeAll
                0x08009ce0      0x13c ./Middlewares/Third_Party/FreeRTOS/Source/tasks.o
                0x08009ce0                xTaskResumeAll
 .text.xTaskGetTickCount
                0x08009e1c       0x20 ./Middlewares/Third_Party/FreeRTOS/Source/tasks.o
                0x08009e1c                xTaskGetTickCount
 .text.xTaskGetTickCountFromISR
                0x08009e3c       0x24 ./Middlewares/Third_Party/FreeRTOS/Source/tasks.o
                0x08009e3c                xTaskGetTickCountFromISR
 .text.xTaskIncrementTick
                0x08009e60      0x174 ./Middlewares/Third_Party/FreeRTOS/Source/tasks.o
                0x08009e60                xTaskIncrementTick
 .text.vTaskSwitchContext
                0x08009fd4       0xcc ./Middlewares/Third_Party/FreeRTOS/Source/tasks.o
                0x08009fd4                vTaskSwitchContext
 .text.vTaskPlaceOnEventList
                0x0800a0a0       0x4c ./Middlewares/Third_Party/FreeRTOS/Source/tasks.o
                0x0800a0a0                vTaskPlaceOnEventList
 .text.vTaskPlaceOnEventListRestricted
                0x0800a0ec       0x58 ./Middlewares/Third_Party/FreeRTOS/Source/tasks.o
                0x0800a0ec                vTaskPlaceOnEventListRestricted
 .text.xTaskRemoveFromEventList
                0x0800a144       0xc8 ./Middlewares/Third_Party/FreeRTOS/Source/tasks.o
                0x0800a144                xTaskRemoveFromEventList
 .text.vTaskInternalSetTimeOutState
                0x0800a20c       0x2c ./Middlewares/Third_Party/FreeRTOS/Source/tasks.o
                0x0800a20c                vTaskInternalSetTimeOutState
 .text.xTaskCheckForTimeOut
                0x0800a238       0xc8 ./Middlewares/Third_Party/FreeRTOS/Source/tasks.o
                0x0800a238                xTaskCheckForTimeOut
 .text.vTaskMissedYield
                0x0800a300       0x18 ./Middlewares/Third_Party/FreeRTOS/Source/tasks.o
                0x0800a300                vTaskMissedYield
 .text.prvIdleTask
                0x0800a318       0x30 ./Middlewares/Third_Party/FreeRTOS/Source/tasks.o
 .text.prvInitialiseTaskLists
                0x0800a348       0x80 ./Middlewares/Third_Party/FreeRTOS/Source/tasks.o
 .text.prvCheckTasksWaitingTermination
                0x0800a3c8       0x5c ./Middlewares/Third_Party/FreeRTOS/Source/tasks.o
 .text.prvDeleteTCB
                0x0800a424       0x6a ./Middlewares/Third_Party/FreeRTOS/Source/tasks.o
 *fill*         0x0800a48e        0x2 
 .text.prvResetNextTaskUnblockTime
                0x0800a490       0x40 ./Middlewares/Third_Party/FreeRTOS/Source/tasks.o
 .text.xTaskGetSchedulerState
                0x0800a4d0       0x3c ./Middlewares/Third_Party/FreeRTOS/Source/tasks.o
                0x0800a4d0                xTaskGetSchedulerState
 .text.xTaskPriorityInherit
                0x0800a50c       0xd0 ./Middlewares/Third_Party/FreeRTOS/Source/tasks.o
                0x0800a50c                xTaskPriorityInherit
 .text.xTaskPriorityDisinherit
                0x0800a5dc       0xe0 ./Middlewares/Third_Party/FreeRTOS/Source/tasks.o
                0x0800a5dc                xTaskPriorityDisinherit
 .text.vTaskPriorityDisinheritAfterTimeout
                0x0800a6bc      0x108 ./Middlewares/Third_Party/FreeRTOS/Source/tasks.o
                0x0800a6bc                vTaskPriorityDisinheritAfterTimeout
 .text.pvTaskIncrementMutexHeldCount
                0x0800a7c4       0x28 ./Middlewares/Third_Party/FreeRTOS/Source/tasks.o
                0x0800a7c4                pvTaskIncrementMutexHeldCount
 .text.prvAddCurrentTaskToDelayedList
                0x0800a7ec       0xa8 ./Middlewares/Third_Party/FreeRTOS/Source/tasks.o
 .text.xTimerCreateTimerTask
                0x0800a894       0x94 ./Middlewares/Third_Party/FreeRTOS/Source/timers.o
                0x0800a894                xTimerCreateTimerTask
 .text.xTimerGenericCommand
                0x0800a928       0x9c ./Middlewares/Third_Party/FreeRTOS/Source/timers.o
                0x0800a928                xTimerGenericCommand
 .text.prvProcessExpiredTimer
                0x0800a9c4       0x9c ./Middlewares/Third_Party/FreeRTOS/Source/timers.o
 .text.prvTimerTask
                0x0800aa60       0x26 ./Middlewares/Third_Party/FreeRTOS/Source/timers.o
 *fill*         0x0800aa86        0x2 
 .text.prvProcessTimerOrBlockTask
                0x0800aa88       0x9c ./Middlewares/Third_Party/FreeRTOS/Source/timers.o
 .text.prvGetNextExpireTime
                0x0800ab24       0x48 ./Middlewares/Third_Party/FreeRTOS/Source/timers.o
 .text.prvSampleTimeNow
                0x0800ab6c       0x40 ./Middlewares/Third_Party/FreeRTOS/Source/timers.o
 .text.prvInsertTimerInActiveList
                0x0800abac       0x84 ./Middlewares/Third_Party/FreeRTOS/Source/timers.o
 .text.prvProcessReceivedCommands
                0x0800ac30      0x1cc ./Middlewares/Third_Party/FreeRTOS/Source/timers.o
 .text.prvSwitchTimerLists
                0x0800adfc       0xcc ./Middlewares/Third_Party/FreeRTOS/Source/timers.o
 .text.prvCheckForValidListAndQueue
                0x0800aec8       0x80 ./Middlewares/Third_Party/FreeRTOS/Source/timers.o
 .text.pxPortInitialiseStack
                0x0800af48       0x68 ./Middlewares/Third_Party/FreeRTOS/Source/portable/GCC/ARM_CM4F/port.o
                0x0800af48                pxPortInitialiseStack
 .text.prvTaskExitError
                0x0800afb0       0x5c ./Middlewares/Third_Party/FreeRTOS/Source/portable/GCC/ARM_CM4F/port.o
 *fill*         0x0800b00c        0x4 
 .text.SVC_Handler
                0x0800b010       0x28 ./Middlewares/Third_Party/FreeRTOS/Source/portable/GCC/ARM_CM4F/port.o
                0x0800b010                SVC_Handler
 .text.prvPortStartFirstTask
                0x0800b038       0x28 ./Middlewares/Third_Party/FreeRTOS/Source/portable/GCC/ARM_CM4F/port.o
 .text.xPortStartScheduler
                0x0800b060      0x148 ./Middlewares/Third_Party/FreeRTOS/Source/portable/GCC/ARM_CM4F/port.o
                0x0800b060                xPortStartScheduler
 .text.vPortEnterCritical
                0x0800b1a8       0x64 ./Middlewares/Third_Party/FreeRTOS/Source/portable/GCC/ARM_CM4F/port.o
                0x0800b1a8                vPortEnterCritical
 .text.vPortExitCritical
                0x0800b20c       0x54 ./Middlewares/Third_Party/FreeRTOS/Source/portable/GCC/ARM_CM4F/port.o
                0x0800b20c                vPortExitCritical
 .text.PendSV_Handler
                0x0800b260       0x68 ./Middlewares/Third_Party/FreeRTOS/Source/portable/GCC/ARM_CM4F/port.o
                0x0800b260                PendSV_Handler
 .text.xPortSysTickHandler
                0x0800b2c8       0x44 ./Middlewares/Third_Party/FreeRTOS/Source/portable/GCC/ARM_CM4F/port.o
                0x0800b2c8                xPortSysTickHandler
 .text.vPortSetupTimerInterrupt
                0x0800b30c       0x48 ./Middlewares/Third_Party/FreeRTOS/Source/portable/GCC/ARM_CM4F/port.o
                0x0800b30c                vPortSetupTimerInterrupt
 .text.vPortEnableVFP
                0x0800b354       0x14 ./Middlewares/Third_Party/FreeRTOS/Source/portable/GCC/ARM_CM4F/port.o
 .text.vPortValidateInterruptPriority
                0x0800b368       0x84 ./Middlewares/Third_Party/FreeRTOS/Source/portable/GCC/ARM_CM4F/port.o
                0x0800b368                vPortValidateInterruptPriority
 .text.pvPortMalloc
                0x0800b3ec      0x19c ./Middlewares/Third_Party/FreeRTOS/Source/portable/MemMang/heap_4.o
                0x0800b3ec                pvPortMalloc
 .text.vPortFree
                0x0800b588       0xc8 ./Middlewares/Third_Party/FreeRTOS/Source/portable/MemMang/heap_4.o
                0x0800b588                vPortFree
 .text.prvHeapInit
                0x0800b650       0xc4 ./Middlewares/Third_Party/FreeRTOS/Source/portable/MemMang/heap_4.o
 .text.prvInsertBlockIntoFreeList
                0x0800b714       0xb4 ./Middlewares/Third_Party/FreeRTOS/Source/portable/MemMang/heap_4.o
 .text.std      0x0800b7c8       0x6c C:/ST/STM32CubeIDE_1.18.0/STM32CubeIDE/plugins/com.st.stm32cube.ide.mcu.externaltools.gnu-tools-for-stm32.13.3.rel1.win32_1.0.0.202411081344/tools/bin/../lib/gcc/arm-none-eabi/13.3.1/../../../../arm-none-eabi/lib/thumb/v7e-m+fp/hard\libc_nano.a(libc_a-findfp.o)
 .text.stdio_exit_handler
                0x0800b834       0x18 C:/ST/STM32CubeIDE_1.18.0/STM32CubeIDE/plugins/com.st.stm32cube.ide.mcu.externaltools.gnu-tools-for-stm32.13.3.rel1.win32_1.0.0.202411081344/tools/bin/../lib/gcc/arm-none-eabi/13.3.1/../../../../arm-none-eabi/lib/thumb/v7e-m+fp/hard\libc_nano.a(libc_a-findfp.o)
 .text.cleanup_stdio
                0x0800b84c       0x40 C:/ST/STM32CubeIDE_1.18.0/STM32CubeIDE/plugins/com.st.stm32cube.ide.mcu.externaltools.gnu-tools-for-stm32.13.3.rel1.win32_1.0.0.202411081344/tools/bin/../lib/gcc/arm-none-eabi/13.3.1/../../../../arm-none-eabi/lib/thumb/v7e-m+fp/hard\libc_nano.a(libc_a-findfp.o)
 .text.global_stdio_init.part.0
                0x0800b88c       0x3c C:/ST/STM32CubeIDE_1.18.0/STM32CubeIDE/plugins/com.st.stm32cube.ide.mcu.externaltools.gnu-tools-for-stm32.13.3.rel1.win32_1.0.0.202411081344/tools/bin/../lib/gcc/arm-none-eabi/13.3.1/../../../../arm-none-eabi/lib/thumb/v7e-m+fp/hard\libc_nano.a(libc_a-findfp.o)
 .text.__sfp_lock_acquire
                0x0800b8c8        0xc C:/ST/STM32CubeIDE_1.18.0/STM32CubeIDE/plugins/com.st.stm32cube.ide.mcu.externaltools.gnu-tools-for-stm32.13.3.rel1.win32_1.0.0.202411081344/tools/bin/../lib/gcc/arm-none-eabi/13.3.1/../../../../arm-none-eabi/lib/thumb/v7e-m+fp/hard\libc_nano.a(libc_a-findfp.o)
                0x0800b8c8                __sfp_lock_acquire
 .text.__sfp_lock_release
                0x0800b8d4        0xc C:/ST/STM32CubeIDE_1.18.0/STM32CubeIDE/plugins/com.st.stm32cube.ide.mcu.externaltools.gnu-tools-for-stm32.13.3.rel1.win32_1.0.0.202411081344/tools/bin/../lib/gcc/arm-none-eabi/13.3.1/../../../../arm-none-eabi/lib/thumb/v7e-m+fp/hard\libc_nano.a(libc_a-findfp.o)
                0x0800b8d4                __sfp_lock_release
 .text.__sinit  0x0800b8e0       0x30 C:/ST/STM32CubeIDE_1.18.0/STM32CubeIDE/plugins/com.st.stm32cube.ide.mcu.externaltools.gnu-tools-for-stm32.13.3.rel1.win32_1.0.0.202411081344/tools/bin/../lib/gcc/arm-none-eabi/13.3.1/../../../../arm-none-eabi/lib/thumb/v7e-m+fp/hard\libc_nano.a(libc_a-findfp.o)
                0x0800b8e0                __sinit
 .text._fwalk_sglue
                0x0800b910       0x3c C:/ST/STM32CubeIDE_1.18.0/STM32CubeIDE/plugins/com.st.stm32cube.ide.mcu.externaltools.gnu-tools-for-stm32.13.3.rel1.win32_1.0.0.202411081344/tools/bin/../lib/gcc/arm-none-eabi/13.3.1/../../../../arm-none-eabi/lib/thumb/v7e-m+fp/hard\libc_nano.a(libc_a-fwalk.o)
                0x0800b910                _fwalk_sglue
 .text._puts_r  0x0800b94c       0xaa C:/ST/STM32CubeIDE_1.18.0/STM32CubeIDE/plugins/com.st.stm32cube.ide.mcu.externaltools.gnu-tools-for-stm32.13.3.rel1.win32_1.0.0.202411081344/tools/bin/../lib/gcc/arm-none-eabi/13.3.1/../../../../arm-none-eabi/lib/thumb/v7e-m+fp/hard\libc_nano.a(libc_a-puts.o)
                0x0800b94c                _puts_r
 *fill*         0x0800b9f6        0x2 
 .text.puts     0x0800b9f8       0x10 C:/ST/STM32CubeIDE_1.18.0/STM32CubeIDE/plugins/com.st.stm32cube.ide.mcu.externaltools.gnu-tools-for-stm32.13.3.rel1.win32_1.0.0.202411081344/tools/bin/../lib/gcc/arm-none-eabi/13.3.1/../../../../arm-none-eabi/lib/thumb/v7e-m+fp/hard\libc_nano.a(libc_a-puts.o)
                0x0800b9f8                puts
 .text.__sread  0x0800ba08       0x22 C:/ST/STM32CubeIDE_1.18.0/STM32CubeIDE/plugins/com.st.stm32cube.ide.mcu.externaltools.gnu-tools-for-stm32.13.3.rel1.win32_1.0.0.202411081344/tools/bin/../lib/gcc/arm-none-eabi/13.3.1/../../../../arm-none-eabi/lib/thumb/v7e-m+fp/hard\libc_nano.a(libc_a-stdio.o)
                0x0800ba08                __sread
 .text.__swrite
                0x0800ba2a       0x38 C:/ST/STM32CubeIDE_1.18.0/STM32CubeIDE/plugins/com.st.stm32cube.ide.mcu.externaltools.gnu-tools-for-stm32.13.3.rel1.win32_1.0.0.202411081344/tools/bin/../lib/gcc/arm-none-eabi/13.3.1/../../../../arm-none-eabi/lib/thumb/v7e-m+fp/hard\libc_nano.a(libc_a-stdio.o)
                0x0800ba2a                __swrite
 .text.__sseek  0x0800ba62       0x24 C:/ST/STM32CubeIDE_1.18.0/STM32CubeIDE/plugins/com.st.stm32cube.ide.mcu.externaltools.gnu-tools-for-stm32.13.3.rel1.win32_1.0.0.202411081344/tools/bin/../lib/gcc/arm-none-eabi/13.3.1/../../../../arm-none-eabi/lib/thumb/v7e-m+fp/hard\libc_nano.a(libc_a-stdio.o)
                0x0800ba62                __sseek
 .text.__sclose
                0x0800ba86        0x8 C:/ST/STM32CubeIDE_1.18.0/STM32CubeIDE/plugins/com.st.stm32cube.ide.mcu.externaltools.gnu-tools-for-stm32.13.3.rel1.win32_1.0.0.202411081344/tools/bin/../lib/gcc/arm-none-eabi/13.3.1/../../../../arm-none-eabi/lib/thumb/v7e-m+fp/hard\libc_nano.a(libc_a-stdio.o)
                0x0800ba86                __sclose
 .text.__swbuf_r
                0x0800ba8e       0x7c C:/ST/STM32CubeIDE_1.18.0/STM32CubeIDE/plugins/com.st.stm32cube.ide.mcu.externaltools.gnu-tools-for-stm32.13.3.rel1.win32_1.0.0.202411081344/tools/bin/../lib/gcc/arm-none-eabi/13.3.1/../../../../arm-none-eabi/lib/thumb/v7e-m+fp/hard\libc_nano.a(libc_a-wbuf.o)
                0x0800ba8e                __swbuf_r
 *fill*         0x0800bb0a        0x2 
 .text.__swsetup_r
                0x0800bb0c       0xac C:/ST/STM32CubeIDE_1.18.0/STM32CubeIDE/plugins/com.st.stm32cube.ide.mcu.externaltools.gnu-tools-for-stm32.13.3.rel1.win32_1.0.0.202411081344/tools/bin/../lib/gcc/arm-none-eabi/13.3.1/../../../../arm-none-eabi/lib/thumb/v7e-m+fp/hard\libc_nano.a(libc_a-wsetup.o)
                0x0800bb0c                __swsetup_r
 .text.memset   0x0800bbb8       0x10 C:/ST/STM32CubeIDE_1.18.0/STM32CubeIDE/plugins/com.st.stm32cube.ide.mcu.externaltools.gnu-tools-for-stm32.13.3.rel1.win32_1.0.0.202411081344/tools/bin/../lib/gcc/arm-none-eabi/13.3.1/../../../../arm-none-eabi/lib/thumb/v7e-m+fp/hard\libc_nano.a(libc_a-memset.o)
                0x0800bbb8                memset
 .text._close_r
                0x0800bbc8       0x20 C:/ST/STM32CubeIDE_1.18.0/STM32CubeIDE/plugins/com.st.stm32cube.ide.mcu.externaltools.gnu-tools-for-stm32.13.3.rel1.win32_1.0.0.202411081344/tools/bin/../lib/gcc/arm-none-eabi/13.3.1/../../../../arm-none-eabi/lib/thumb/v7e-m+fp/hard\libc_nano.a(libc_a-closer.o)
                0x0800bbc8                _close_r
 .text._reclaim_reent
                0x0800bbe8       0xbc C:/ST/STM32CubeIDE_1.18.0/STM32CubeIDE/plugins/com.st.stm32cube.ide.mcu.externaltools.gnu-tools-for-stm32.13.3.rel1.win32_1.0.0.202411081344/tools/bin/../lib/gcc/arm-none-eabi/13.3.1/../../../../arm-none-eabi/lib/thumb/v7e-m+fp/hard\libc_nano.a(libc_a-reent.o)
                0x0800bbe8                _reclaim_reent
 .text._lseek_r
                0x0800bca4       0x24 C:/ST/STM32CubeIDE_1.18.0/STM32CubeIDE/plugins/com.st.stm32cube.ide.mcu.externaltools.gnu-tools-for-stm32.13.3.rel1.win32_1.0.0.202411081344/tools/bin/../lib/gcc/arm-none-eabi/13.3.1/../../../../arm-none-eabi/lib/thumb/v7e-m+fp/hard\libc_nano.a(libc_a-lseekr.o)
                0x0800bca4                _lseek_r
 .text._read_r  0x0800bcc8       0x24 C:/ST/STM32CubeIDE_1.18.0/STM32CubeIDE/plugins/com.st.stm32cube.ide.mcu.externaltools.gnu-tools-for-stm32.13.3.rel1.win32_1.0.0.202411081344/tools/bin/../lib/gcc/arm-none-eabi/13.3.1/../../../../arm-none-eabi/lib/thumb/v7e-m+fp/hard\libc_nano.a(libc_a-readr.o)
                0x0800bcc8                _read_r
 .text._write_r
                0x0800bcec       0x24 C:/ST/STM32CubeIDE_1.18.0/STM32CubeIDE/plugins/com.st.stm32cube.ide.mcu.externaltools.gnu-tools-for-stm32.13.3.rel1.win32_1.0.0.202411081344/tools/bin/../lib/gcc/arm-none-eabi/13.3.1/../../../../arm-none-eabi/lib/thumb/v7e-m+fp/hard\libc_nano.a(libc_a-writer.o)
                0x0800bcec                _write_r
 .text.__errno  0x0800bd10        0xc C:/ST/STM32CubeIDE_1.18.0/STM32CubeIDE/plugins/com.st.stm32cube.ide.mcu.externaltools.gnu-tools-for-stm32.13.3.rel1.win32_1.0.0.202411081344/tools/bin/../lib/gcc/arm-none-eabi/13.3.1/../../../../arm-none-eabi/lib/thumb/v7e-m+fp/hard\libc_nano.a(libc_a-errno.o)
                0x0800bd10                __errno
 .text.__libc_init_array
                0x0800bd1c       0x48 C:/ST/STM32CubeIDE_1.18.0/STM32CubeIDE/plugins/com.st.stm32cube.ide.mcu.externaltools.gnu-tools-for-stm32.13.3.rel1.win32_1.0.0.202411081344/tools/bin/../lib/gcc/arm-none-eabi/13.3.1/../../../../arm-none-eabi/lib/thumb/v7e-m+fp/hard\libc_nano.a(libc_a-init.o)
                0x0800bd1c                __libc_init_array
 .text.__retarget_lock_init_recursive
                0x0800bd64        0x2 C:/ST/STM32CubeIDE_1.18.0/STM32CubeIDE/plugins/com.st.stm32cube.ide.mcu.externaltools.gnu-tools-for-stm32.13.3.rel1.win32_1.0.0.202411081344/tools/bin/../lib/gcc/arm-none-eabi/13.3.1/../../../../arm-none-eabi/lib/thumb/v7e-m+fp/hard\libc_nano.a(libc_a-lock.o)
                0x0800bd64                __retarget_lock_init_recursive
 .text.__retarget_lock_acquire_recursive
                0x0800bd66        0x2 C:/ST/STM32CubeIDE_1.18.0/STM32CubeIDE/plugins/com.st.stm32cube.ide.mcu.externaltools.gnu-tools-for-stm32.13.3.rel1.win32_1.0.0.202411081344/tools/bin/../lib/gcc/arm-none-eabi/13.3.1/../../../../arm-none-eabi/lib/thumb/v7e-m+fp/hard\libc_nano.a(libc_a-lock.o)
                0x0800bd66                __retarget_lock_acquire_recursive
 .text.__retarget_lock_release_recursive
                0x0800bd68        0x2 C:/ST/STM32CubeIDE_1.18.0/STM32CubeIDE/plugins/com.st.stm32cube.ide.mcu.externaltools.gnu-tools-for-stm32.13.3.rel1.win32_1.0.0.202411081344/tools/bin/../lib/gcc/arm-none-eabi/13.3.1/../../../../arm-none-eabi/lib/thumb/v7e-m+fp/hard\libc_nano.a(libc_a-lock.o)
                0x0800bd68                __retarget_lock_release_recursive
 .text.memcpy   0x0800bd6a       0x1c C:/ST/STM32CubeIDE_1.18.0/STM32CubeIDE/plugins/com.st.stm32cube.ide.mcu.externaltools.gnu-tools-for-stm32.13.3.rel1.win32_1.0.0.202411081344/tools/bin/../lib/gcc/arm-none-eabi/13.3.1/../../../../arm-none-eabi/lib/thumb/v7e-m+fp/hard\libc_nano.a(libc_a-memcpy-stub.o)
                0x0800bd6a                memcpy
 *fill*         0x0800bd86        0x2 
 .text._free_r  0x0800bd88       0x94 C:/ST/STM32CubeIDE_1.18.0/STM32CubeIDE/plugins/com.st.stm32cube.ide.mcu.externaltools.gnu-tools-for-stm32.13.3.rel1.win32_1.0.0.202411081344/tools/bin/../lib/gcc/arm-none-eabi/13.3.1/../../../../arm-none-eabi/lib/thumb/v7e-m+fp/hard\libc_nano.a(libc_a-freer.o)
                0x0800bd88                _free_r
 .text.sbrk_aligned
                0x0800be1c       0x44 C:/ST/STM32CubeIDE_1.18.0/STM32CubeIDE/plugins/com.st.stm32cube.ide.mcu.externaltools.gnu-tools-for-stm32.13.3.rel1.win32_1.0.0.202411081344/tools/bin/../lib/gcc/arm-none-eabi/13.3.1/../../../../arm-none-eabi/lib/thumb/v7e-m+fp/hard\libc_nano.a(libc_a-mallocr.o)
 .text._malloc_r
                0x0800be60      0x100 C:/ST/STM32CubeIDE_1.18.0/STM32CubeIDE/plugins/com.st.stm32cube.ide.mcu.externaltools.gnu-tools-for-stm32.13.3.rel1.win32_1.0.0.202411081344/tools/bin/../lib/gcc/arm-none-eabi/13.3.1/../../../../arm-none-eabi/lib/thumb/v7e-m+fp/hard\libc_nano.a(libc_a-mallocr.o)
                0x0800be60                _malloc_r
 .text.__malloc_lock
                0x0800bf60        0xc C:/ST/STM32CubeIDE_1.18.0/STM32CubeIDE/plugins/com.st.stm32cube.ide.mcu.externaltools.gnu-tools-for-stm32.13.3.rel1.win32_1.0.0.202411081344/tools/bin/../lib/gcc/arm-none-eabi/13.3.1/../../../../arm-none-eabi/lib/thumb/v7e-m+fp/hard\libc_nano.a(libc_a-mlock.o)
                0x0800bf60                __malloc_lock
 .text.__malloc_unlock
                0x0800bf6c        0xc C:/ST/STM32CubeIDE_1.18.0/STM32CubeIDE/plugins/com.st.stm32cube.ide.mcu.externaltools.gnu-tools-for-stm32.13.3.rel1.win32_1.0.0.202411081344/tools/bin/../lib/gcc/arm-none-eabi/13.3.1/../../../../arm-none-eabi/lib/thumb/v7e-m+fp/hard\libc_nano.a(libc_a-mlock.o)
                0x0800bf6c                __malloc_unlock
 .text.__sflush_r
                0x0800bf78      0x108 C:/ST/STM32CubeIDE_1.18.0/STM32CubeIDE/plugins/com.st.stm32cube.ide.mcu.externaltools.gnu-tools-for-stm32.13.3.rel1.win32_1.0.0.202411081344/tools/bin/../lib/gcc/arm-none-eabi/13.3.1/../../../../arm-none-eabi/lib/thumb/v7e-m+fp/hard\libc_nano.a(libc_a-fflush.o)
                0x0800bf78                __sflush_r
 .text._fflush_r
                0x0800c080       0x50 C:/ST/STM32CubeIDE_1.18.0/STM32CubeIDE/plugins/com.st.stm32cube.ide.mcu.externaltools.gnu-tools-for-stm32.13.3.rel1.win32_1.0.0.202411081344/tools/bin/../lib/gcc/arm-none-eabi/13.3.1/../../../../arm-none-eabi/lib/thumb/v7e-m+fp/hard\libc_nano.a(libc_a-fflush.o)
                0x0800c080                _fflush_r
 .text.__swhatbuf_r
                0x0800c0d0       0x4c C:/ST/STM32CubeIDE_1.18.0/STM32CubeIDE/plugins/com.st.stm32cube.ide.mcu.externaltools.gnu-tools-for-stm32.13.3.rel1.win32_1.0.0.202411081344/tools/bin/../lib/gcc/arm-none-eabi/13.3.1/../../../../arm-none-eabi/lib/thumb/v7e-m+fp/hard\libc_nano.a(libc_a-makebuf.o)
                0x0800c0d0                __swhatbuf_r
 .text.__smakebuf_r
                0x0800c11c       0x78 C:/ST/STM32CubeIDE_1.18.0/STM32CubeIDE/plugins/com.st.stm32cube.ide.mcu.externaltools.gnu-tools-for-stm32.13.3.rel1.win32_1.0.0.202411081344/tools/bin/../lib/gcc/arm-none-eabi/13.3.1/../../../../arm-none-eabi/lib/thumb/v7e-m+fp/hard\libc_nano.a(libc_a-makebuf.o)
                0x0800c11c                __smakebuf_r
 .text._fstat_r
                0x0800c194       0x24 C:/ST/STM32CubeIDE_1.18.0/STM32CubeIDE/plugins/com.st.stm32cube.ide.mcu.externaltools.gnu-tools-for-stm32.13.3.rel1.win32_1.0.0.202411081344/tools/bin/../lib/gcc/arm-none-eabi/13.3.1/../../../../arm-none-eabi/lib/thumb/v7e-m+fp/hard\libc_nano.a(libc_a-fstatr.o)
                0x0800c194                _fstat_r
 .text._isatty_r
                0x0800c1b8       0x20 C:/ST/STM32CubeIDE_1.18.0/STM32CubeIDE/plugins/com.st.stm32cube.ide.mcu.externaltools.gnu-tools-for-stm32.13.3.rel1.win32_1.0.0.202411081344/tools/bin/../lib/gcc/arm-none-eabi/13.3.1/../../../../arm-none-eabi/lib/thumb/v7e-m+fp/hard\libc_nano.a(libc_a-isattyr.o)
                0x0800c1b8                _isatty_r
 .text._sbrk_r  0x0800c1d8       0x20 C:/ST/STM32CubeIDE_1.18.0/STM32CubeIDE/plugins/com.st.stm32cube.ide.mcu.externaltools.gnu-tools-for-stm32.13.3.rel1.win32_1.0.0.202411081344/tools/bin/../lib/gcc/arm-none-eabi/13.3.1/../../../../arm-none-eabi/lib/thumb/v7e-m+fp/hard\libc_nano.a(libc_a-sbrkr.o)
                0x0800c1d8                _sbrk_r
 *(.glue_7)
 .glue_7        0x0800c1f8        0x0 linker stubs
 *(.glue_7t)
 .glue_7t       0x0800c1f8        0x0 linker stubs
 *(.eh_frame)
 .eh_frame      0x0800c1f8        0x0 C:/ST/STM32CubeIDE_1.18.0/STM32CubeIDE/plugins/com.st.stm32cube.ide.mcu.externaltools.gnu-tools-for-stm32.13.3.rel1.win32_1.0.0.202411081344/tools/bin/../lib/gcc/arm-none-eabi/13.3.1/thumb/v7e-m+fp/hard/crtbegin.o
 *(.init)
 .init          0x0800c1f8        0x4 C:/ST/STM32CubeIDE_1.18.0/STM32CubeIDE/plugins/com.st.stm32cube.ide.mcu.externaltools.gnu-tools-for-stm32.13.3.rel1.win32_1.0.0.202411081344/tools/bin/../lib/gcc/arm-none-eabi/13.3.1/thumb/v7e-m+fp/hard/crti.o
                0x0800c1f8                _init
 .init          0x0800c1fc        0x8 C:/ST/STM32CubeIDE_1.18.0/STM32CubeIDE/plugins/com.st.stm32cube.ide.mcu.externaltools.gnu-tools-for-stm32.13.3.rel1.win32_1.0.0.202411081344/tools/bin/../lib/gcc/arm-none-eabi/13.3.1/thumb/v7e-m+fp/hard/crtn.o
 *(.fini)
 .fini          0x0800c204        0x4 C:/ST/STM32CubeIDE_1.18.0/STM32CubeIDE/plugins/com.st.stm32cube.ide.mcu.externaltools.gnu-tools-for-stm32.13.3.rel1.win32_1.0.0.202411081344/tools/bin/../lib/gcc/arm-none-eabi/13.3.1/thumb/v7e-m+fp/hard/crti.o
                0x0800c204                _fini
 .fini          0x0800c208        0x8 C:/ST/STM32CubeIDE_1.18.0/STM32CubeIDE/plugins/com.st.stm32cube.ide.mcu.externaltools.gnu-tools-for-stm32.13.3.rel1.win32_1.0.0.202411081344/tools/bin/../lib/gcc/arm-none-eabi/13.3.1/thumb/v7e-m+fp/hard/crtn.o
                0x0800c210                        . = ALIGN (0x4)
                0x0800c210                        _etext = .

.vfp11_veneer   0x0800c210        0x0
 .vfp11_veneer  0x0800c210        0x0 linker stubs

.v4_bx          0x0800c210        0x0
 .v4_bx         0x0800c210        0x0 linker stubs

.iplt           0x0800c210        0x0
 .iplt          0x0800c210        0x0 C:/ST/STM32CubeIDE_1.18.0/STM32CubeIDE/plugins/com.st.stm32cube.ide.mcu.externaltools.gnu-tools-for-stm32.13.3.rel1.win32_1.0.0.202411081344/tools/bin/../lib/gcc/arm-none-eabi/13.3.1/thumb/v7e-m+fp/hard/crtbegin.o

.rodata         0x0800c210      0x1f0
                0x0800c210                        . = ALIGN (0x4)
 *(.rodata)
 .rodata        0x0800c210       0xb9 ./Core/Src/freertos.o
 *fill*         0x0800c2c9        0x3 
 .rodata        0x0800c2cc       0x44 ./Middlewares/Third_Party/FatFs/src/ff.o
 .rodata        0x0800c310        0x5 ./Middlewares/Third_Party/FreeRTOS/Source/tasks.o
 *fill*         0x0800c315        0x3 
 .rodata        0x0800c318        0xd ./Middlewares/Third_Party/FreeRTOS/Source/timers.o
 *(.rodata*)
 *fill*         0x0800c325        0x3 
 .rodata.defaultTask_attributes
                0x0800c328       0x24 ./Core/Src/freertos.o
                0x0800c328                defaultTask_attributes
 .rodata.AHBPrescTable
                0x0800c34c       0x10 ./Core/Src/system_stm32f4xx.o
                0x0800c34c                AHBPrescTable
 .rodata.APBPrescTable
                0x0800c35c        0x8 ./Core/Src/system_stm32f4xx.o
                0x0800c35c                APBPrescTable
 .rodata.flagBitshiftOffset.0
                0x0800c364        0x8 ./Drivers/STM32F4xx_HAL_Driver/Src/stm32f4xx_hal_dma.o
 .rodata.SD_Driver
                0x0800c36c       0x14 ./FATFS/Target/sd_diskio.o
                0x0800c36c                SD_Driver
 .rodata.ExCvt  0x0800c380       0x80 ./Middlewares/Third_Party/FatFs/src/ff.o
                0x0800c400                        . = ALIGN (0x4)

.ARM.extab      0x0800c400        0x0
                0x0800c400                        . = ALIGN (0x4)
 *(.ARM.extab* .gnu.linkonce.armextab.*)
                0x0800c400                        . = ALIGN (0x4)

.ARM            0x0800c400        0x8
                0x0800c400                        . = ALIGN (0x4)
                0x0800c400                        __exidx_start = .
 *(.ARM.exidx*)
 .ARM.exidx     0x0800c400        0x8 C:/ST/STM32CubeIDE_1.18.0/STM32CubeIDE/plugins/com.st.stm32cube.ide.mcu.externaltools.gnu-tools-for-stm32.13.3.rel1.win32_1.0.0.202411081344/tools/bin/../lib/gcc/arm-none-eabi/13.3.1/../../../../arm-none-eabi/lib/thumb/v7e-m+fp/hard\libc_nano.a(libc_a-strlen.o)
 .ARM.exidx     0x0800c408        0x0 C:/ST/STM32CubeIDE_1.18.0/STM32CubeIDE/plugins/com.st.stm32cube.ide.mcu.externaltools.gnu-tools-for-stm32.13.3.rel1.win32_1.0.0.202411081344/tools/bin/../lib/gcc/arm-none-eabi/13.3.1/thumb/v7e-m+fp/hard\libgcc.a(_udivmoddi4.o)
                                  0x8 (size before relaxing)
                0x0800c408                        __exidx_end = .
                0x0800c408                        . = ALIGN (0x4)

.rel.dyn        0x0800c408        0x0
 .rel.iplt      0x0800c408        0x0 C:/ST/STM32CubeIDE_1.18.0/STM32CubeIDE/plugins/com.st.stm32cube.ide.mcu.externaltools.gnu-tools-for-stm32.13.3.rel1.win32_1.0.0.202411081344/tools/bin/../lib/gcc/arm-none-eabi/13.3.1/thumb/v7e-m+fp/hard/crtbegin.o

.preinit_array  0x0800c408        0x0
                0x0800c408                        . = ALIGN (0x4)
                0x0800c408                        PROVIDE (__preinit_array_start = .)
 *(.preinit_array*)
                0x0800c408                        PROVIDE (__preinit_array_end = .)
                0x0800c408                        . = ALIGN (0x4)

.init_array     0x0800c408        0x4
                0x0800c408                        . = ALIGN (0x4)
                0x0800c408                        PROVIDE (__init_array_start = .)
 *(SORT_BY_NAME(.init_array.*))
 *(.init_array*)
 .init_array    0x0800c408        0x4 C:/ST/STM32CubeIDE_1.18.0/STM32CubeIDE/plugins/com.st.stm32cube.ide.mcu.externaltools.gnu-tools-for-stm32.13.3.rel1.win32_1.0.0.202411081344/tools/bin/../lib/gcc/arm-none-eabi/13.3.1/thumb/v7e-m+fp/hard/crtbegin.o
                0x0800c40c                        PROVIDE (__init_array_end = .)
                0x0800c40c                        . = ALIGN (0x4)

.fini_array     0x0800c40c        0x4
                0x0800c40c                        . = ALIGN (0x4)
                [!provide]                        PROVIDE (__fini_array_start = .)
 *(SORT_BY_NAME(.fini_array.*))
 *(.fini_array*)
 .fini_array    0x0800c40c        0x4 C:/ST/STM32CubeIDE_1.18.0/STM32CubeIDE/plugins/com.st.stm32cube.ide.mcu.externaltools.gnu-tools-for-stm32.13.3.rel1.win32_1.0.0.202411081344/tools/bin/../lib/gcc/arm-none-eabi/13.3.1/thumb/v7e-m+fp/hard/crtbegin.o
                [!provide]                        PROVIDE (__fini_array_end = .)
                0x0800c410                        . = ALIGN (0x4)
                0x0800c410                        _sidata = LOADADDR (.data)

.data           0x20000000       0x88 load address 0x0800c410
                0x20000000                        . = ALIGN (0x4)
                0x20000000                        _sdata = .
 *(.data)
 *(.data*)
 .data.wtext    0x20000000       0x19 ./Core/Src/freertos.o
                0x20000000                wtext
 *fill*         0x20000019        0x3 
 .data.SystemCoreClock
                0x2000001c        0x4 ./Core/Src/system_stm32f4xx.o
                0x2000001c                SystemCoreClock
 .data.uwTickPrio
                0x20000020        0x4 ./Drivers/STM32F4xx_HAL_Driver/Src/stm32f4xx_hal.o
                0x20000020                uwTickPrio
 .data.uwTickFreq
                0x20000024        0x1 ./Drivers/STM32F4xx_HAL_Driver/Src/stm32f4xx_hal.o
                0x20000024                uwTickFreq
 .data.Stat     0x20000025        0x1 ./FATFS/Target/sd_diskio.o
 *fill*         0x20000026        0x2 
 .data.uxCriticalNesting
                0x20000028        0x4 ./Middlewares/Third_Party/FreeRTOS/Source/portable/GCC/ARM_CM4F/port.o
 .data.__sglue  0x2000002c        0xc C:/ST/STM32CubeIDE_1.18.0/STM32CubeIDE/plugins/com.st.stm32cube.ide.mcu.externaltools.gnu-tools-for-stm32.13.3.rel1.win32_1.0.0.202411081344/tools/bin/../lib/gcc/arm-none-eabi/13.3.1/../../../../arm-none-eabi/lib/thumb/v7e-m+fp/hard\libc_nano.a(libc_a-findfp.o)
                0x2000002c                __sglue
 .data._impure_ptr
                0x20000038        0x4 C:/ST/STM32CubeIDE_1.18.0/STM32CubeIDE/plugins/com.st.stm32cube.ide.mcu.externaltools.gnu-tools-for-stm32.13.3.rel1.win32_1.0.0.202411081344/tools/bin/../lib/gcc/arm-none-eabi/13.3.1/../../../../arm-none-eabi/lib/thumb/v7e-m+fp/hard\libc_nano.a(libc_a-impure.o)
                0x20000038                _impure_ptr
 .data._impure_data
                0x2000003c       0x4c C:/ST/STM32CubeIDE_1.18.0/STM32CubeIDE/plugins/com.st.stm32cube.ide.mcu.externaltools.gnu-tools-for-stm32.13.3.rel1.win32_1.0.0.202411081344/tools/bin/../lib/gcc/arm-none-eabi/13.3.1/../../../../arm-none-eabi/lib/thumb/v7e-m+fp/hard\libc_nano.a(libc_a-impure.o)
                0x2000003c                _impure_data
 *(.RamFunc)
 *(.RamFunc*)
                0x20000088                        . = ALIGN (0x4)
                0x20000088                        _edata = .
                0x0800c498                        _siccmram = LOADADDR (.ccmram)

.igot.plt       0x20000088        0x0 load address 0x0800c498
 .igot.plt      0x20000088        0x0 C:/ST/STM32CubeIDE_1.18.0/STM32CubeIDE/plugins/com.st.stm32cube.ide.mcu.externaltools.gnu-tools-for-stm32.13.3.rel1.win32_1.0.0.202411081344/tools/bin/../lib/gcc/arm-none-eabi/13.3.1/thumb/v7e-m+fp/hard/crtbegin.o

.ccmram         0x10000000        0x0 load address 0x0800c498
                0x10000000                        . = ALIGN (0x4)
                0x10000000                        _sccmram = .
 *(.ccmram)
 *(.ccmram*)
                0x10000000                        . = ALIGN (0x4)
                0x10000000                        _eccmram = .
                0x10000000                        . = ALIGN (0x4)

.bss            0x20000088     0x6e24
                0x20000088                        _sbss = .
                0x20000088                        __bss_start__ = _sbss
 *(.bss)
 .bss           0x20000088       0x1c C:/ST/STM32CubeIDE_1.18.0/STM32CubeIDE/plugins/com.st.stm32cube.ide.mcu.externaltools.gnu-tools-for-stm32.13.3.rel1.win32_1.0.0.202411081344/tools/bin/../lib/gcc/arm-none-eabi/13.3.1/thumb/v7e-m+fp/hard/crtbegin.o
 *(.bss*)
 .bss.byteswriten
                0x200000a4        0x4 ./Core/Src/freertos.o
                0x200000a4                byteswriten
 .bss.bytesread
                0x200000a8        0x4 ./Core/Src/freertos.o
                0x200000a8                bytesread
 .bss.fresult   0x200000ac        0x1 ./Core/Src/freertos.o
                0x200000ac                fresult
 *fill*         0x200000ad        0x3 
 .bss.readBuf   0x200000b0       0x40 ./Core/Src/freertos.o
                0x200000b0                readBuf
 .bss.defaultTaskHandle
                0x200000f0        0x4 ./Core/Src/freertos.o
                0x200000f0                defaultTaskHandle
 .bss.hsd       0x200000f4       0x84 ./Core/Src/sdio.o
                0x200000f4                hsd
 .bss.hdma_sdio_rx
                0x20000178       0x60 ./Core/Src/sdio.o
                0x20000178                hdma_sdio_rx
 .bss.hdma_sdio_tx
                0x200001d8       0x60 ./Core/Src/sdio.o
                0x200001d8                hdma_sdio_tx
 .bss.htim14    0x20000238       0x48 ./Core/Src/stm32f4xx_hal_timebase_tim.o
                0x20000238                htim14
 .bss.__sbrk_heap_end
                0x20000280        0x4 ./Core/Src/sysmem.o
 .bss.huart1    0x20000284       0x48 ./Core/Src/usart.o
                0x20000284                huart1
 .bss.uwTick    0x200002cc        0x4 ./Drivers/STM32F4xx_HAL_Driver/Src/stm32f4xx_hal.o
                0x200002cc                uwTick
 .bss.retSD     0x200002d0        0x1 ./FATFS/App/fatfs.o
                0x200002d0                retSD
 *fill*         0x200002d1        0x3 
 .bss.SDPath    0x200002d4        0x4 ./FATFS/App/fatfs.o
                0x200002d4                SDPath
 .bss.SDFatFS   0x200002d8     0x1038 ./FATFS/App/fatfs.o
                0x200002d8                SDFatFS
 .bss.SDFile    0x20001310     0x1030 ./FATFS/App/fatfs.o
                0x20001310                SDFile
 .bss.SDQueueID
                0x20002340        0x4 ./FATFS/Target/sd_diskio.o
 .bss.FatFs     0x20002344        0x4 ./Middlewares/Third_Party/FatFs/src/ff.o
 .bss.Fsid      0x20002348        0x2 ./Middlewares/Third_Party/FatFs/src/ff.o
 *fill*         0x2000234a        0x2 
 .bss.Files     0x2000234c       0x20 ./Middlewares/Third_Party/FatFs/src/ff.o
 .bss.disk      0x2000236c        0xc ./Middlewares/Third_Party/FatFs/src/ff_gen_drv.o
                0x2000236c                disk
 .bss.KernelState
                0x20002378        0x4 ./Middlewares/Third_Party/FreeRTOS/Source/CMSIS_RTOS_V2/cmsis_os2.o
 .bss.Idle_TCB.3
                0x2000237c       0xa8 ./Middlewares/Third_Party/FreeRTOS/Source/CMSIS_RTOS_V2/cmsis_os2.o
 .bss.Idle_Stack.2
                0x20002424      0x200 ./Middlewares/Third_Party/FreeRTOS/Source/CMSIS_RTOS_V2/cmsis_os2.o
 .bss.Timer_TCB.1
                0x20002624       0xa8 ./Middlewares/Third_Party/FreeRTOS/Source/CMSIS_RTOS_V2/cmsis_os2.o
 .bss.Timer_Stack.0
                0x200026cc      0x400 ./Middlewares/Third_Party/FreeRTOS/Source/CMSIS_RTOS_V2/cmsis_os2.o
 .bss.xQueueRegistry
                0x20002acc       0x40 ./Middlewares/Third_Party/FreeRTOS/Source/queue.o
                0x20002acc                xQueueRegistry
 .bss.pxCurrentTCB
                0x20002b0c        0x4 ./Middlewares/Third_Party/FreeRTOS/Source/tasks.o
                0x20002b0c                pxCurrentTCB
 .bss.pxReadyTasksLists
                0x20002b10      0x460 ./Middlewares/Third_Party/FreeRTOS/Source/tasks.o
 .bss.xDelayedTaskList1
                0x20002f70       0x14 ./Middlewares/Third_Party/FreeRTOS/Source/tasks.o
 .bss.xDelayedTaskList2
                0x20002f84       0x14 ./Middlewares/Third_Party/FreeRTOS/Source/tasks.o
 .bss.pxDelayedTaskList
                0x20002f98        0x4 ./Middlewares/Third_Party/FreeRTOS/Source/tasks.o
 .bss.pxOverflowDelayedTaskList
                0x20002f9c        0x4 ./Middlewares/Third_Party/FreeRTOS/Source/tasks.o
 .bss.xPendingReadyList
                0x20002fa0       0x14 ./Middlewares/Third_Party/FreeRTOS/Source/tasks.o
 .bss.xTasksWaitingTermination
                0x20002fb4       0x14 ./Middlewares/Third_Party/FreeRTOS/Source/tasks.o
 .bss.uxDeletedTasksWaitingCleanUp
                0x20002fc8        0x4 ./Middlewares/Third_Party/FreeRTOS/Source/tasks.o
 .bss.xSuspendedTaskList
                0x20002fcc       0x14 ./Middlewares/Third_Party/FreeRTOS/Source/tasks.o
 .bss.uxCurrentNumberOfTasks
                0x20002fe0        0x4 ./Middlewares/Third_Party/FreeRTOS/Source/tasks.o
 .bss.xTickCount
                0x20002fe4        0x4 ./Middlewares/Third_Party/FreeRTOS/Source/tasks.o
 .bss.uxTopReadyPriority
                0x20002fe8        0x4 ./Middlewares/Third_Party/FreeRTOS/Source/tasks.o
 .bss.xSchedulerRunning
                0x20002fec        0x4 ./Middlewares/Third_Party/FreeRTOS/Source/tasks.o
 .bss.xPendedTicks
                0x20002ff0        0x4 ./Middlewares/Third_Party/FreeRTOS/Source/tasks.o
 .bss.xYieldPending
                0x20002ff4        0x4 ./Middlewares/Third_Party/FreeRTOS/Source/tasks.o
 .bss.xNumOfOverflows
                0x20002ff8        0x4 ./Middlewares/Third_Party/FreeRTOS/Source/tasks.o
 .bss.uxTaskNumber
                0x20002ffc        0x4 ./Middlewares/Third_Party/FreeRTOS/Source/tasks.o
 .bss.xNextTaskUnblockTime
                0x20003000        0x4 ./Middlewares/Third_Party/FreeRTOS/Source/tasks.o
 .bss.xIdleTaskHandle
                0x20003004        0x4 ./Middlewares/Third_Party/FreeRTOS/Source/tasks.o
 .bss.uxSchedulerSuspended
                0x20003008        0x4 ./Middlewares/Third_Party/FreeRTOS/Source/tasks.o
 .bss.xActiveTimerList1
                0x2000300c       0x14 ./Middlewares/Third_Party/FreeRTOS/Source/timers.o
 .bss.xActiveTimerList2
                0x20003020       0x14 ./Middlewares/Third_Party/FreeRTOS/Source/timers.o
 .bss.pxCurrentTimerList
                0x20003034        0x4 ./Middlewares/Third_Party/FreeRTOS/Source/timers.o
 .bss.pxOverflowTimerList
                0x20003038        0x4 ./Middlewares/Third_Party/FreeRTOS/Source/timers.o
 .bss.xTimerQueue
                0x2000303c        0x4 ./Middlewares/Third_Party/FreeRTOS/Source/timers.o
 .bss.xTimerTaskHandle
                0x20003040        0x4 ./Middlewares/Third_Party/FreeRTOS/Source/timers.o
 .bss.xLastTime.2
                0x20003044        0x4 ./Middlewares/Third_Party/FreeRTOS/Source/timers.o
 .bss.ucStaticTimerQueueStorage.1
                0x20003048       0xa0 ./Middlewares/Third_Party/FreeRTOS/Source/timers.o
 .bss.xStaticTimerQueue.0
                0x200030e8       0x50 ./Middlewares/Third_Party/FreeRTOS/Source/timers.o
 .bss.ucMaxSysCallPriority
                0x20003138        0x1 ./Middlewares/Third_Party/FreeRTOS/Source/portable/GCC/ARM_CM4F/port.o
 *fill*         0x20003139        0x3 
 .bss.ulMaxPRIGROUPValue
                0x2000313c        0x4 ./Middlewares/Third_Party/FreeRTOS/Source/portable/GCC/ARM_CM4F/port.o
 .bss.ucHeap    0x20003140     0x3c00 ./Middlewares/Third_Party/FreeRTOS/Source/portable/MemMang/heap_4.o
 .bss.xStart    0x20006d40        0x8 ./Middlewares/Third_Party/FreeRTOS/Source/portable/MemMang/heap_4.o
 .bss.pxEnd     0x20006d48        0x4 ./Middlewares/Third_Party/FreeRTOS/Source/portable/MemMang/heap_4.o
 .bss.xFreeBytesRemaining
                0x20006d4c        0x4 ./Middlewares/Third_Party/FreeRTOS/Source/portable/MemMang/heap_4.o
 .bss.xMinimumEverFreeBytesRemaining
                0x20006d50        0x4 ./Middlewares/Third_Party/FreeRTOS/Source/portable/MemMang/heap_4.o
 .bss.xNumberOfSuccessfulAllocations
                0x20006d54        0x4 ./Middlewares/Third_Party/FreeRTOS/Source/portable/MemMang/heap_4.o
 .bss.xNumberOfSuccessfulFrees
                0x20006d58        0x4 ./Middlewares/Third_Party/FreeRTOS/Source/portable/MemMang/heap_4.o
 .bss.xBlockAllocatedBit
                0x20006d5c        0x4 ./Middlewares/Third_Party/FreeRTOS/Source/portable/MemMang/heap_4.o
 .bss.__sf      0x20006d60      0x138 C:/ST/STM32CubeIDE_1.18.0/STM32CubeIDE/plugins/com.st.stm32cube.ide.mcu.externaltools.gnu-tools-for-stm32.13.3.rel1.win32_1.0.0.202411081344/tools/bin/../lib/gcc/arm-none-eabi/13.3.1/../../../../arm-none-eabi/lib/thumb/v7e-m+fp/hard\libc_nano.a(libc_a-findfp.o)
                0x20006d60                __sf
 .bss.__stdio_exit_handler
                0x20006e98        0x4 C:/ST/STM32CubeIDE_1.18.0/STM32CubeIDE/plugins/com.st.stm32cube.ide.mcu.externaltools.gnu-tools-for-stm32.13.3.rel1.win32_1.0.0.202411081344/tools/bin/../lib/gcc/arm-none-eabi/13.3.1/../../../../arm-none-eabi/lib/thumb/v7e-m+fp/hard\libc_nano.a(libc_a-findfp.o)
                0x20006e98                __stdio_exit_handler
 .bss.errno     0x20006e9c        0x4 C:/ST/STM32CubeIDE_1.18.0/STM32CubeIDE/plugins/com.st.stm32cube.ide.mcu.externaltools.gnu-tools-for-stm32.13.3.rel1.win32_1.0.0.202411081344/tools/bin/../lib/gcc/arm-none-eabi/13.3.1/../../../../arm-none-eabi/lib/thumb/v7e-m+fp/hard\libc_nano.a(libc_a-reent.o)
                0x20006e9c                errno
 .bss.__lock___malloc_recursive_mutex
                0x20006ea0        0x1 C:/ST/STM32CubeIDE_1.18.0/STM32CubeIDE/plugins/com.st.stm32cube.ide.mcu.externaltools.gnu-tools-for-stm32.13.3.rel1.win32_1.0.0.202411081344/tools/bin/../lib/gcc/arm-none-eabi/13.3.1/../../../../arm-none-eabi/lib/thumb/v7e-m+fp/hard\libc_nano.a(libc_a-lock.o)
                0x20006ea0                __lock___malloc_recursive_mutex
 .bss.__lock___sfp_recursive_mutex
                0x20006ea1        0x1 C:/ST/STM32CubeIDE_1.18.0/STM32CubeIDE/plugins/com.st.stm32cube.ide.mcu.externaltools.gnu-tools-for-stm32.13.3.rel1.win32_1.0.0.202411081344/tools/bin/../lib/gcc/arm-none-eabi/13.3.1/../../../../arm-none-eabi/lib/thumb/v7e-m+fp/hard\libc_nano.a(libc_a-lock.o)
                0x20006ea1                __lock___sfp_recursive_mutex
 *fill*         0x20006ea2        0x2 
 .bss.__malloc_sbrk_start